Component: ARM Compiler 5.06 update 6 (build 750) Tool: armlink [4d35ed]

==============================================================================

Section Cross References

    startup_stm32f10x_hd.o(RESET) refers to startup_stm32f10x_hd.o(STACK) for __initial_sp
    startup_stm32f10x_hd.o(RESET) refers to startup_stm32f10x_hd.o(.text) for Reset_Handler
    startup_stm32f10x_hd.o(RESET) refers to stm32f10x_it.o(.text) for NMI_Handler
    startup_stm32f10x_hd.o(RESET) refers to system.o(.text) for SysTick_Handler
    startup_stm32f10x_hd.o(.text) refers to system_stm32f10x.o(.text) for SystemInit
    startup_stm32f10x_hd.o(.text) refers to entry.o(.ARM.Collect$$$$00000000) for __main
    stm32f10x_gpio.o(.text) refers to stm32f10x_rcc.o(.text) for RCC_APB2PeriphResetCmd
    usart.o(.text) refers to stm32f10x_usart.o(.text) for USART_SendData
    usart.o(.text) refers to stm32f10x_rcc.o(.text) for RCC_APB2PeriphClockCmd
    usart.o(.text) refers to stm32f10x_gpio.o(.text) for GPIO_Init
    usart.o(.text) refers to misc.o(.text) for NVIC_PriorityGroupConfig
    i2c.o(.text) refers to stm32f10x_rcc.o(.text) for RCC_APB2PeriphClockCmd
    i2c.o(.text) refers to stm32f10x_gpio.o(.text) for GPIO_Init
    imu.o(.text) refers to fmul.o(.text) for __aeabi_fmul
    imu.o(.text) refers to fadd.o(.text) for __aeabi_frsub
    imu.o(.text) refers to icm20948.o(.text) for invmsICM20948Init
    imu.o(.text) refers to f2d.o(.text) for __aeabi_f2d
    imu.o(.text) refers to sqrt.o(i.sqrt) for sqrt
    imu.o(.text) refers to d2f.o(.text) for __aeabi_d2f
    imu.o(.text) refers to dadd.o(.text) for __aeabi_drsub
    imu.o(.text) refers to dmul.o(.text) for __aeabi_dmul
    imu.o(.text) refers to imu.o(.data) for q0
    imu.o(.text) refers to cfcmple.o(.text) for __aeabi_cfcmpeq
    imu.o(.text) refers to dflti.o(.text) for __aeabi_i2d
    imu.o(.text) refers to ddiv.o(.text) for __aeabi_ddiv
    imu.o(.text) refers to fflti.o(.text) for __aeabi_i2f
    imu.o(.text) refers to asin.o(i.asin) for asin
    imu.o(.text) refers to atan2.o(i.atan2) for atan2
    imu.o(.text) refers to ffixui.o(.text) for __aeabi_f2uiz
    imu.o(.text) refers to modbus.o(.data) for ModbusRegister
    icm20948.o(.text) refers to i2c.o(.text) for I2C_ReadOneByte
    icm20948.o(.text) refers to printfb.o(i.__0printf$bare) for __2printf
    icm20948.o(.text) refers to icm20948.o(.data) for ss16c
    icm20948.o(.text) refers to icm20948.o(.bss) for sstAvgBuf
    modbus.o(.text) refers to stm32f10x_tim.o(.text) for TIM_TimeBaseInit
    modbus.o(.text) refers to misc.o(.text) for NVIC_Init
    modbus.o(.text) refers to stm32f10x_usart.o(.text) for USART_ReceiveData
    modbus.o(.text) refers to modbus.o(.data) for ModbusRegister
    modbus.o(.text) refers to modbus.o(.bss) for TxBuffer
    stm32f10x_rcc.o(.text) refers to stm32f10x_rcc.o(.data) for APBAHBPrescTable
    stm32f10x_tim.o(.text) refers to stm32f10x_rcc.o(.text) for RCC_APB2PeriphResetCmd
    stm32f10x_usart.o(.text) refers to stm32f10x_rcc.o(.text) for RCC_APB2PeriphResetCmd
    stm32f10x_i2c.o(.text) refers to stm32f10x_rcc.o(.text) for RCC_APB1PeriphResetCmd
    system.o(.text) refers to misc.o(.text) for NVIC_PriorityGroupConfig
    system.o(.text) refers to usart.o(.text) for USART1_Init
    system.o(.text) refers to i2c.o(.text) for I2Cx_Init
    system.o(.text) refers to imu.o(.text) for IMU_Init
    system.o(.text) refers to system_stm32f10x.o(.data) for SystemCoreClock
    system.o(.text) refers to system.o(.data) for Tim_48ms
    main.o(.text) refers to stm32f10x_rcc.o(.text) for RCC_DeInit
    main.o(.text) refers to stm32f10x_flash.o(.text) for FLASH_PrefetchBufferCmd
    main.o(.text) refers to stm32f10x_gpio.o(.text) for GPIO_Init
    main.o(.text) refers to system.o(.text) for System_Init
    main.o(.text) refers to modbus.o(.text) for Modbus_Init
    main.o(.text) refers to imu.o(.text) for IMU_GetYawPitchRoll
    main.o(.text) refers to system.o(.data) for IMU_SampleFlag
    main.o(.text) refers to imu.o(.bss) for angles
    stm32f10x_it.o(.text) refers to stm32f10x_tim.o(.text) for TIM_GetITStatus
    stm32f10x_it.o(.text) refers to modbus.o(.text) for ModbusIdle
    stm32f10x_it.o(.text) refers to stm32f10x_usart.o(.text) for USART_GetITStatus
    system_stm32f10x.o(.text) refers to system_stm32f10x.o(.data) for SystemCoreClock
    asin.o(i.__softfp_asin) refers (Special) to iusefp.o(.text) for __I$use$fp
    asin.o(i.__softfp_asin) refers to asin.o(i.asin) for asin
    asin.o(i.asin) refers (Special) to iusefp.o(.text) for __I$use$fp
    asin.o(i.asin) refers to dunder.o(i.__mathlib_dbl_infnan) for __mathlib_dbl_infnan
    asin.o(i.asin) refers to dmul.o(.text) for __aeabi_dmul
    asin.o(i.asin) refers to dadd.o(.text) for __aeabi_dadd
    asin.o(i.asin) refers to errno.o(i.__set_errno) for __set_errno
    asin.o(i.asin) refers to dunder.o(i.__mathlib_dbl_invalid) for __mathlib_dbl_invalid
[...]
    printf2.o(i.__0snprintf$2) refers to printf2.o(i._snputc) for _snputc
    printf2.o(i.__0sprintf$2) refers to printf2.o(i._printf_core) for _printf_core
    printf2.o(i.__0sprintf$2) refers to printf2.o(i._sputc) for _sputc
    printf2.o(i.__0vfprintf$2) refers to printf2.o(i._printf_core) for _printf_core
    printf2.o(i.__0vfprintf$2) refers to usart.o(.text) for fputc
    printf2.o(i.__0vprintf$2) refers to printf2.o(i._printf_core) for _printf_core
    printf2.o(i.__0vprintf$2) refers to usart.o(.text) for fputc
    printf2.o(i.__0vprintf$2) refers to stdout.o(.data) for __stdout
    printf2.o(i.__0vsnprintf$2) refers to printf2.o(i._printf_core) for _printf_core
    printf2.o(i.__0vsnprintf$2) refers to printf2.o(i._snputc) for _snputc
    printf2.o(i.__0vsprintf$2) refers to printf2.o(i._printf_core) for _printf_core
    printf2.o(i.__0vsprintf$2) refers to printf2.o(i._sputc) for _sputc
    printf3.o(i.__0fprintf$3) refers to printf3.o(i._printf_core) for _printf_core
    printf3.o(i.__0fprintf$3) refers to usart.o(.text) for fputc
    printf3.o(i.__0printf$3) refers to printf3.o(i._printf_core) for _printf_core
    printf3.o(i.__0printf$3) refers to usart.o(.text) for fputc
    printf3.o(i.__0printf$3) refers to stdout.o(.data) for __stdout
    printf3.o(i.__0snprintf$3) refers to printf3.o(i._printf_core) for _printf_core
    printf3.o(i.__0snprintf$3) refers to printf3.o(i._snputc) for _snputc
    printf3.o(i.__0sprintf$3) refers to printf3.o(i._printf_core) for _printf_core
    printf3.o(i.__0sprintf$3) refers to printf3.o(i._sputc) for _sputc
    printf3.o(i.__0vfprintf$3) refers to printf3.o(i._printf_core) for _printf_core
    printf3.o(i.__0vfprintf$3) refers to usart.o(.text) for fputc
    printf3.o(i.__0vprintf$3) refers to printf3.o(i._printf_core) for _printf_core
    printf3.o(i.__0vprintf$3) refers to usart.o(.text) for fputc
    printf3.o(i.__0vprintf$3) refers to stdout.o(.data) for __stdout
    printf3.o(i.__0vsnprintf$3) refers to printf3.o(i._printf_core) for _printf_core
    printf3.o(i.__0vsnprintf$3) refers to printf3.o(i._snputc) for _snputc
    printf3.o(i.__0vsprintf$3) refers to printf3.o(i._printf_core) for _printf_core
    printf3.o(i.__0vsprintf$3) refers to printf3.o(i._sputc) for _sputc
    printf3.o(i._printf_core) refers to uidiv.o(.text) for __aeabi_uidivmod
    printf4.o(i.__0fprintf$4) refers to printf4.o(i._printf_core) for _printf_core
    printf4.o(i.__0fprintf$4) refers to usart.o(.text) for fputc
    printf4.o(i.__0printf$4) refers to printf4.o(i._printf_core) for _printf_core
    printf4.o(i.__0printf$4) refers to usart.o(.text) for fputc
    printf4.o(i.__0printf$4) refers to stdout.o(.data) for __stdout
    printf4.o(i.__0snprintf$4) refers to printf4.o(i._printf_core) for _printf_core
    printf4.o(i.__0snprintf$4) refers to printf4.o(i._snputc) for _snputc
    printf4.o(i.__0sprintf$4) refers to printf4.o(i._printf_core) for _printf_core
    printf4.o(i.__0sprintf$4) refers to printf4.o(i._sputc) for _sputc
    printf4.o(i.__0vfprintf$4) refers to printf4.o(i._printf_core) for _printf_core
    printf4.o(i.__0vfprintf$4) refers to usart.o(.text) for fputc
    printf4.o(i.__0vprintf$4) refers to printf4.o(i._printf_core) for _printf_core
    printf4.o(i.__0vprintf$4) refers to usart.o(.text) for fputc
    printf4.o(i.__0vprintf$4) refers to stdout.o(.data) for __stdout
    printf4.o(i.__0vsnprintf$4) refers to printf4.o(i._printf_core) for _printf_core
    printf4.o(i.__0vsnprintf$4) refers to printf4.o(i._snputc) for _snputc
    printf4.o(i.__0vsprintf$4) refers to printf4.o(i._printf_core) for _printf_core
    printf4.o(i.__0vsprintf$4) refers to printf4.o(i._sputc) for _sputc
    printf4.o(i._printf_core) refers to uldiv.o(.text) for __aeabi_uldivmod
    printf5.o(i.__0fprintf$5) refers to printf5.o(i._printf_core) for _printf_core
    printf5.o(i.__0fprintf$5) refers to usart.o(.text) for fputc
    printf5.o(i.__0printf$5) refers to printf5.o(i._printf_core) for _printf_core
    printf5.o(i.__0printf$5) refers to usart.o(.text) for fputc
    printf5.o(i.__0printf$5) refers to stdout.o(.data) for __stdout
    printf5.o(i.__0snprintf$5) refers to printf5.o(i._printf_core) for _printf_core
    printf5.o(i.__0snprintf$5) refers to printf5.o(i._snputc) for _snputc
    printf5.o(i.__0sprintf$5) refers to printf5.o(i._printf_core) for _printf_core
    printf5.o(i.__0sprintf$5) refers to printf5.o(i._sputc) for _sputc
    printf5.o(i.__0vfprintf$5) refers to printf5.o(i._printf_core) for _printf_core
    printf5.o(i.__0vfprintf$5) refers to usart.o(.text) for fputc
    printf5.o(i.__0vprintf$5) refers to printf5.o(i._printf_core) for _printf_core
    printf5.o(i.__0vprintf$5) refers to usart.o(.text) for fputc
    printf5.o(i.__0vprintf$5) refers to stdout.o(.data) for __stdout
    printf5.o(i.__0vsnprintf$5) refers to printf5.o(i._printf_core) for _printf_core
    printf5.o(i.__0vsnprintf$5) refers to printf5.o(i._snputc) for _snputc
    printf5.o(i.__0vsprintf$5) refers to printf5.o(i._printf_core) for _printf_core
    printf5.o(i.__0vsprintf$5) refers to printf5.o(i._sputc) for _sputc
    printf5.o(i._printf_core) refers to uldiv.o(.text) for __aeabi_uldivmod
    printf6.o(i.__0fprintf$6) refers to printf6.o(i._printf_core) for _printf_core
    printf6.o(i.__0fprintf$6) refers to usart.o(.text) for fputc
    printf6.o(i.__0printf$6) refers to printf6.o(i._printf_core) for _printf_core
    printf6.o(i.__0printf$6) refers to usart.o(.text) for fputc
    printf6.o(i.__0printf$6) refers to stdout.o(.data) for __stdout
    printf6.o(i.__0snprintf$6) refers to printf6.o(i._printf_core) for _printf_core
    printf6.o(i.__0snprintf$6) refers to printf6.o(i._snputc) for _snputc
    printf6.o(i.__0sprintf$6) refers to printf6.o(i._printf_core) for _printf_core
    printf6.o(i.__0sprintf$6) refers to printf6.o(i._sputc) for _sputc
    printf6.o(i.__0vfprintf$6) refers to printf6.o(i._printf_core) for _printf_core
    printf6.o(i.__0vfprintf$6) refers to usart.o(.text) for fputc
    printf6.o(i.__0vprintf$6) refers to printf6.o(i._printf_core) for _printf_core
    printf6.o(i.__0vprintf$6) refers to usart.o(.text) for fputc
    printf6.o(i.__0vprintf$6) refers to stdout.o(.data) for __stdout
    printf6.o(i.__0vsnprintf$6) refers to printf6.o(i._printf_core) for _printf_core
    printf6.o(i.__0vsnprintf$6) refers to printf6.o(i._snputc) for _snputc
    printf6.o(i.__0vsprintf$6) refers to printf6.o(i._printf_core) for _printf_core
    printf6.o(i.__0vsprintf$6) refers to printf6.o(i._sputc) for _sputc
    printf6.o(i._printf_core) refers to printf6.o(i._printf_pre_padding) for _printf_pre_padding
    printf6.o(i._printf_core) refers to uidiv.o(.text) for __aeabi_uidivmod
    printf6.o(i._printf_core) refers to printf6.o(i._printf_post_padding) for _printf_post_padding
    printf7.o(i.__0fprintf$7) refers to printf7.o(i._printf_core) for _printf_core
    printf7.o(i.__0fprintf$7) refers to usart.o(.text) for fputc
    printf7.o(i.__0printf$7) refers to printf7.o(i._printf_core) for _printf_core
    printf7.o(i.__0printf$7) refers to usart.o(.text) for fputc
    printf7.o(i.__0printf$7) refers to stdout.o(.data) for __stdout
    printf7.o(i.__0snprintf$7) refers to printf7.o(i._printf_core) for _printf_core
    printf7.o(i.__0snprintf$7) refers to printf7.o(i._snputc) for _snputc
    printf7.o(i.__0sprintf$7) refers to printf7.o(i._printf_core) for _printf_core
    printf7.o(i.__0sprintf$7) refers to printf7.o(i._sputc) for _sputc
    printf7.o(i.__0vfprintf$7) refers to printf7.o(i._printf_core) for _printf_core
    printf7.o(i.__0vfprintf$7) refers to usart.o(.text) for fputc
    printf7.o(i.__0vprintf$7) refers to printf7.o(i._printf_core) for _printf_core
    printf7.o(i.__0vprintf$7) refers to usart.o(.text) for fputc
    printf7.o(i.__0vprintf$7) refers to stdout.o(.data) for __stdout
    printf7.o(i.__0vsnprintf$7) refers to printf7.o(i._printf_core) for _printf_core
    printf7.o(i.__0vsnprintf$7) refers to printf7.o(i._snputc) for _snputc
    printf7.o(i.__0vsprintf$7) refers to printf7.o(i._printf_core) for _printf_core
    printf7.o(i.__0vsprintf$7) refers to printf7.o(i._sputc) for _sputc
    printf7.o(i._printf_core) refers to printf7.o(i._printf_pre_padding) for _printf_pre_padding
    printf7.o(i._printf_core) refers to uldiv.o(.text) for __aeabi_uldivmod
    printf7.o(i._printf_core) refers to printf7.o(i._printf_post_padding) for _printf_post_padding
    printf8.o(i.__0fprintf$8) refers to printf8.o(i._printf_core) for _printf_core
    printf8.o(i.__0fprintf$8) refers to usart.o(.text) for fputc
    printf8.o(i.__0printf$8) refers to printf8.o(i._printf_core) for _printf_core
    printf8.o(i.__0printf$8) refers to usart.o(.text) for fputc
    printf8.o(i.__0printf$8) refers to stdout.o(.data) for __stdout
    printf8.o(i.__0snprintf$8) refers to printf8.o(i._printf_core) for _printf_core
    printf8.o(i.__0snprintf$8) refers to printf8.o(i._snputc) for _snputc
    printf8.o(i.__0sprintf$8) refers to printf8.o(i._printf_core) for _printf_core
    printf8.o(i.__0sprintf$8) refers to printf8.o(i._sputc) for _sputc
    printf8.o(i.__0vfprintf$8) refers to printf8.o(i._printf_core) for _printf_core
    printf8.o(i.__0vfprintf$8) refers to usart.o(.text) for fputc
    printf8.o(i.__0vprintf$8) refers to printf8.o(i._printf_core) for _printf_core
    printf8.o(i.__0vprintf$8) refers to usart.o(.text) for fputc
    printf8.o(i.__0vprintf$8) refers to stdout.o(.data) for __stdout
    printf8.o(i.__0vsnprintf$8) refers to printf8.o(i._printf_core) for _printf_core
    printf8.o(i.__0vsnprintf$8) refers to printf8.o(i._snputc) for _snputc
    printf8.o(i.__0vsprintf$8) refers to printf8.o(i._printf_core) for _printf_core
    printf8.o(i.__0vsprintf$8) refers to printf8.o(i._sputc) for _sputc
    printf8.o(i._printf_core) refers to printf8.o(i._printf_pre_padding) for _printf_pre_padding
    printf8.o(i._printf_core) refers to uldiv.o(.text) for __aeabi_uldivmod
    printf8.o(i._printf_core) refers to printf8.o(i._printf_post_padding) for _printf_post_padding
    printfa.o(i.__0fprintf) refers (Special) to iusefp.o(.text) for __I$use$fp
    printfa.o(i.__0fprintf) refers to printfa.o(i._printf_core) for _printf_core
    printfa.o(i.__0fprintf) refers to usart.o(.text) for fputc
    printfa.o(i.__0printf) refers (Special) to iusefp.o(.text) for __I$use$fp
    printfa.o(i.__0printf) refers to printfa.o(i._printf_core) for _printf_core
    printfa.o(i.__0printf) refers to usart.o(.text) for fputc
    printfa.o(i.__0printf) refers to stdout.o(.data) for __stdout
    printfa.o(i.__0snprintf) refers (Special) to iusefp.o(.text) for __I$use$fp
    printfa.o(i.__0snprintf) refers to printfa.o(i._printf_core) for _printf_core
    printfa.o(i.__0snprintf) refers to printfa.o(i._snputc) for _snputc
    printfa.o(i.__0sprintf) refers (Special) to iusefp.o(.text) for __I$use$fp
    printfa.o(i.__0sprintf) refers to printfa.o(i._printf_core) for _printf_core
    printfa.o(i.__0sprintf) refers to printfa.o(i._sputc) for _sputc
    printfa.o(i.__0vfprintf) refers (Special) to iusefp.o(.text) for __I$use$fp
    printfa.o(i.__0vfprintf) refers to printfa.o(i._printf_core) for _printf_core
    printfa.o(i.__0vfprintf) refers to usart.o(.text) for fputc
    printfa.o(i.__0vprintf) refers (Special) to iusefp.o(.text) for __I$use$fp
    printfa.o(i.__0vprintf) refers to printfa.o(i._printf_core) for _printf_core
    printfa.o(i.__0vprintf) refers to usart.o(.text) for fputc
    printfa.o(i.__0vprintf) refers to stdout.o(.data) for __stdout
    printfa.o(i.__0vsnprintf) refers (Special) to iusefp.o(.text) for __I$use$fp
    printfa.o(i.__0vsnprintf) refers to printfa.o(i._printf_core) for _printf_core
    printfa.o(i.__0vsnprintf) refers to printfa.o(i._snputc) for _snputc
    printfa.o(i.__0vsprintf) refers (Special) to iusefp.o(.text) for __I$use$fp
    printfa.o(i.__0vsprintf) refers to printfa.o(i._printf_core) for _printf_core
    printfa.o(i.__0vsprintf) refers to printfa.o(i._sputc) for _sputc
    printfa.o(i._fp_digits) refers (Special) to iusefp.o(.text) for __I$use$fp
    printfa.o(i._fp_digits) refers to dmul.o(.text) for __aeabi_dmul
    printfa.o(i._fp_digits) refers to ddiv.o(.text) for __aeabi_ddiv
    printfa.o(i._fp_digits) refers to cdrcmple.o(.text) for __aeabi_cdrcmple
    printfa.o(i._fp_digits) refers to dadd.o(.text) for __aeabi_dadd
    printfa.o(i._fp_digits) refers to dfixul.o(.text) for __aeabi_d2ulz
    printfa.o(i._fp_digits) refers to uldiv.o(.text) for __aeabi_uldivmod
    printfa.o(i._printf_core) refers (Special) to iusefp.o(.text) for __I$use$fp
    printfa.o(i._printf_core) refers to printfa.o(i._printf_pre_padding) for _printf_pre_padding
    printfa.o(i._printf_core) refers to uldiv.o(.text) for __aeabi_uldivmod
    printfa.o(i._printf_core) refers to printfa.o(i._printf_post_padding) for _printf_post_padding
    printfa.o(i._printf_core) refers to printfa.o(i._fp_digits) for _fp_digits
    printfa.o(i._printf_core) refers to uidiv.o(.text) for __aeabi_uidivmod
    printfa.o(i._printf_post_padding) refers (Special) to iusefp.o(.text) for __I$use$fp
    printfa.o(i._printf_pre_padding) refers (Special) to iusefp.o(.text) for __I$use$fp
    printfa.o(i._snputc) refers (Special) to iusefp.o(.text) for __I$use$fp
    printfa.o(i._sputc) refers (Special) to iusefp.o(.text) for __I$use$fp
    fadd.o(.text) refers (Special) to iusefp.o(.text) for __I$use$fp
    fadd.o(.text) refers to fepilogue.o(.text) for _float_epilogue
    fmul.o(.text) refers (Special) to iusefp.o(.text) for __I$use$fp
    dadd.o(.text) refers (Special) to iusefp.o(.text) for __I$use$fp
    dadd.o(.text) refers to llshl.o(.text) for __aeabi_llsl
    dadd.o(.text) refers to llsshr.o(.text) for __aeabi_lasr
    dadd.o(.text) refers to depilogue.o(.text) for _double_epilogue
    dmul.o(.text) refers (Special) to iusefp.o(.text) for __I$use$fp
    dmul.o(.text) refers to depilogue.o(.text) for _double_epilogue
    ddiv.o(.text) refers (Special) to iusefp.o(.text) for __I$use$fp
    ddiv.o(.text) refers to depilogue.o(.text) for _double_round
    fflti.o(.text) refers (Special) to iusefp.o(.text) for __I$use$fp
    fflti.o(.text) refers to fepilogue.o(.text) for _float_epilogue
    dflti.o(.text) refers (Special) to iusefp.o(.text) for __I$use$fp
    dflti.o(.text) refers to depilogue.o(.text) for _double_epilogue
    ffixui.o(.text) refers (Special) to iusefp.o(.text) for __I$use$fp
    f2d.o(.text) refers (Special) to iusefp.o(.text) for __I$use$fp
    d2f.o(.text) refers (Special) to iusefp.o(.text) for __I$use$fp
    d2f.o(.text) refers to fepilogue.o(.text) for _float_round
    cfcmple.o(.text) refers (Special) to iusefp.o(.text) for __I$use$fp
    atan.o(i.__softfp_atan) refers (Special) to iusefp.o(.text) for __I$use$fp
    atan.o(i.__softfp_atan) refers to atan.o(i.atan) for atan
    atan.o(i.atan) refers (Special) to iusefp.o(.text) for __I$use$fp
    atan.o(i.atan) refers to dunder.o(i.__mathlib_dbl_infnan) for __mathlib_dbl_infnan
    atan.o(i.atan) refers to fpclassify.o(i.__ARM_fpclassify) for __ARM_fpclassify
    atan.o(i.atan) refers to dunder.o(i.__mathlib_dbl_underflow) for __mathlib_dbl_underflow
    atan.o(i.atan) refers to dadd.o(.text) for __aeabi_dadd
    atan.o(i.atan) refers to dscalb.o(.text) for __ARM_scalbn
    atan.o(i.atan) refers to ddiv.o(.text) for __aeabi_ddiv
    atan.o(i.atan) refers to dmul.o(.text) for __aeabi_dmul
    atan.o(i.atan) refers to poly.o(i.__kernel_poly) for __kernel_poly
    atan.o(i.atan) refers to atan.o(.constdata) for .constdata
    atan.o(.constdata) refers (Special) to iusefp.o(.text) for __I$use$fp
    atan_x.o(i.____softfp_atan$lsc) refers (Special) to iusefp.o(.text) for __I$use$fp
    atan_x.o(i.____softfp_atan$lsc) refers to atan_x.o(i.__atan$lsc) for __atan$lsc
    atan_x.o(i.__atan$lsc) refers (Special) to iusefp.o(.text) for __I$use$fp
    atan_x.o(i.__atan$lsc) refers to dunder.o(i.__mathlib_dbl_infnan) for __mathlib_dbl_infnan
    atan_x.o(i.__atan$lsc) refers to dadd.o(.text) for __aeabi_dadd
    atan_x.o(i.__atan$lsc) refers to dscalb.o(.text) for __ARM_scalbn
    atan_x.o(i.__atan$lsc) refers to ddiv.o(.text) for __aeabi_ddiv
    atan_x.o(i.__atan$lsc) refers to dmul.o(.text) for __aeabi_dmul
    atan_x.o(i.__atan$lsc) refers to poly.o(i.__kernel_poly) for __kernel_poly
    atan_x.o(i.__atan$lsc) refers to atan_x.o(.constdata) for .constdata
    atan_x.o(.constdata) refers (Special) to iusefp.o(.text) for __I$use$fp
    dunder.o(i.__mathlib_dbl_divzero) refers to ddiv.o(.text) for __aeabi_ddiv
    dunder.o(i.__mathlib_dbl_infnan) refers to dscalb.o(.text) for __ARM_scalbn
    dunder.o(i.__mathlib_dbl_infnan2) refers to dadd.o(.text) for __aeabi_dadd
    dunder.o(i.__mathlib_dbl_invalid) refers to ddiv.o(.text) for __aeabi_ddiv
    dunder.o(i.__mathlib_dbl_overflow) refers to dscalb.o(.text) for __ARM_scalbn
    dunder.o(i.__mathlib_dbl_posinfnan) refers to dmul.o(.text) for __aeabi_dmul
    dunder.o(i.__mathlib_dbl_underflow) refers to dscalb.o(.text) for __ARM_scalbn
    fpclassify.o(i.__ARM_fpclassify) refers (Special) to iusefp.o(.text) for __I$use$fp
    poly.o(i.__kernel_poly) refers (Special) to iusefp.o(.text) for __I$use$fp
    poly.o(i.__kernel_poly) refers to dmul.o(.text) for __aeabi_dmul
    poly.o(i.__kernel_poly) refers to dadd.o(.text) for __aeabi_dadd
    qnan.o(.constdata) refers (Special) to iusefp.o(.text) for __I$use$fp
    entry2.o(.ARM.Collect$$$$00000001) refers to entry2.o(.ARM.Collect$$$$00002712) for __lit__00000000
    entry2.o(.ARM.Collect$$$$00002712) refers to startup_stm32f10x_hd.o(STACK) for __initial_sp
    entry2.o(__vectab_stack_and_reset_area) refers to startup_stm32f10x_hd.o(STACK) for __initial_sp
    entry2.o(__vectab_stack_and_reset_area) refers to entry.o(.ARM.Collect$$$$00000000) for __main
    entry5.o(.ARM.Collect$$$$00000004) refers to init.o(.text) for __scatterload
    entry9a.o(.ARM.Collect$$$$0000000B) refers to main.o(.text) for main
    entry9b.o(.ARM.Collect$$$$0000000C) refers to main.o(.text) for main
    uldiv.o(.text) refers to llushr.o(.text) for __aeabi_llsr
    uldiv.o(.text) refers to llshl.o(.text) for __aeabi_llsl
    errno.o(i.__aeabi_errno_addr) refers to errno.o(.data) for .data
    errno.o(i.__read_errno) refers to errno.o(.data) for .data
    errno.o(i.__set_errno) refers to errno.o(.data) for .data
    depilogue.o(.text) refers to llshl.o(.text) for __aeabi_llsl
    depilogue.o(.text) refers to llushr.o(.text) for __aeabi_llsr
    dsqrt.o(.text) refers to llushr.o(.text) for __aeabi_llsr
    dsqrt.o(.text) refers to depilogue.o(.text) for _double_round
    dfixul.o(.text) refers to llushr.o(.text) for __aeabi_llsr
    dfixul.o(.text) refers to llshl.o(.text) for __aeabi_llsl
    init.o(.text) refers to entry5.o(.ARM.Collect$$$$00000004) for __main_after_scatterload


==============================================================================

Removing Unused input sections from the image.

    Removing core_cm3.o(.emb_text), (32 bytes).
    Removing startup_stm32f10x_hd.o(HEAP), (512 bytes).
    Removing stm32f10x_exti.o(.text), (284 bytes).
    Removing stm32f10x_i2c.o(.text), (1028 bytes).
    Removing main.o(.bss), (18 bytes).
    Removing main.o(.data), (4 bytes).
    Removing dfixul.o(.text), (48 bytes).
    Removing cdcmple.o(.text), (48 bytes).
    Removing cdrcmple.o(.text), (48 bytes).

9 unused section(s) (total 2022 bytes) removed from the image.

==============================================================================

Image Symbol Table

    Local Symbols

    Symbol Name                              Value     Ov Type        Size  Object(Section)

    ../clib/microlib/division.c              0x00000000   Number         0  uldiv.o ABSOLUTE
    ../clib/microlib/division.c              0x00000000   Number         0  uidiv.o ABSOLUTE
    ../clib/microlib/errno.c                 0x00000000   Number         0  errno.o ABSOLUTE
    ../clib/microlib/init/entry.s            0x00000000   Number         0  entry10b.o ABSOLUTE
    ../clib/microlib/init/entry.s            0x00000000   Number         0  entry2.o ABSOLUTE
    ../clib/microlib/init/entry.s            0x00000000   Number         0  entry8b.o ABSOLUTE
    ../clib/microlib/init/entry.s            0x00000000   Number         0  entry11a.o ABSOLUTE
    ../clib/microlib/init/entry.s            0x00000000   Number         0  entry11b.o ABSOLUTE
    ../clib/microlib/init/entry.s            0x00000000   Number         0  entry5.o ABSOLUTE
    ../clib/microlib/init/entry.s            0x00000000   Number         0  entry9a.o ABSOLUTE
    ../clib/microlib/init/entry.s            0x00000000   Number         0  entry7a.o ABSOLUTE
    ../clib/microlib/init/entry.s            0x00000000   Number         0  entry7b.o ABSOLUTE
    ../clib/microlib/init/entry.s            0x00000000   Number         0  entry.o ABSOLUTE
    ../clib/microlib/init/entry.s            0x00000000   Number         0  entry8a.o ABSOLUTE
    ../clib/microlib/init/entry.s            0x00000000   Number         0  entry10a.o ABSOLUTE
    ../clib/microlib/init/entry.s            0x00000000   Number         0  entry9b.o ABSOLUTE
    ../clib/microlib/longlong.c              0x00000000   Number         0  llsshr.o ABSOLUTE
    ../clib/microlib/longlong.c              0x00000000   Number         0  llushr.o ABSOLUTE
    ../clib/microlib/longlong.c              0x00000000   Number         0  llshl.o ABSOLUTE
    ../clib/microlib/printf/printf.c         0x00000000   Number         0  printf4.o ABSOLUTE
    ../clib/microlib/printf/printf.c         0x00000000   Number         0  printf0.o ABSOLUTE
    ../clib/microlib/printf/printf.c         0x00000000   Number         0  printf3.o ABSOLUTE
    ../clib/microlib/printf/printf.c         0x00000000   Number         0  printf7.o ABSOLUTE
    ../clib/microlib/printf/printf.c         0x00000000   Number         0  printf5.o ABSOLUTE
    ../clib/microlib/printf/printf.c         0x00000000   Number         0  printf8.o ABSOLUTE
    ../clib/microlib/printf/printf.c         0x00000000   Number         0  printfa.o ABSOLUTE
    ../clib/microlib/printf/printf.c         0x00000000   Number         0  printfb.o ABSOLUTE
    ../clib/microlib/printf/printf.c         0x00000000   Number         0  printf6.o ABSOLUTE
    ../clib/microlib/printf/printf.c         0x00000000   Number         0  printf2.o ABSOLUTE
    ../clib/microlib/printf/printf.c         0x00000000   Number         0  printf1.o ABSOLUTE
    ../clib/microlib/stdio/streams.c         0x00000000   Number         0  stdout.o ABSOLUTE
    ../clib/microlib/stubs.s                 0x00000000   Number         0  iusefp.o ABSOLUTE
    ../fplib/microlib/d2f.c                  0x00000000   Number         0  d2f.o ABSOLUTE
    ../fplib/microlib/f2d.c                  0x00000000   Number         0  f2d.o ABSOLUTE
    ../fplib/microlib/fpadd.c                0x00000000   Number         0  fadd.o ABSOLUTE
    ../fplib/microlib/fpadd.c                0x00000000   Number         0  dadd.o ABSOLUTE
    ../fplib/microlib/fpdiv.c                0x00000000   Number         0  ddiv.o ABSOLUTE
    ../fplib/microlib/fpepilogue.c           0x00000000   Number         0  depilogue.o ABSOLUTE
    ../fplib/microlib/fpepilogue.c           0x00000000   Number         0  fepilogue.o ABSOLUTE
    ../fplib/microlib/fpfix.c                0x00000000   Number         0  dfixul.o ABSOLUTE
    ../fplib/microlib/fpfix.c                0x00000000   Number         0  ffixui.o ABSOLUTE
    ../fplib/microlib/fpflt.c                0x00000000   Number         0  fflti.o ABSOLUTE
    ../fplib/microlib/fpflt.c                0x00000000   Number         0  dflti.o ABSOLUTE
    ../fplib/microlib/fpmul.c                0x00000000   Number         0  fmul.o ABSOLUTE
    ../fplib/microlib/fpmul.c                0x00000000   Number         0  dmul.o ABSOLUTE
    ../fplib/microlib/fpscalb.c              0x00000000   Number         0  dscalb.o ABSOLUTE
    ../fplib/microlib/fpsqrt.c               0x00000000   Number         0  dsqrt.o ABSOLUTE
    ../mathlib/asin.c                        0x00000000   Number         0  asin_x.o ABSOLUTE
    ../mathlib/asin.c                        0x00000000   Number         0  asin.o ABSOLUTE
    ../mathlib/atan.c                        0x00000000   Number         0  atan.o ABSOLUTE
    ../mathlib/atan.c                        0x00000000   Number         0  atan_x.o ABSOLUTE
    ../mathlib/atan2.c                       0x00000000   Number         0  atan2.o ABSOLUTE
    ../mathlib/atan2.c                       0x00000000   Number         0  atan2_x.o ABSOLUTE
    ../mathlib/dunder.c                      0x00000000   Number         0  dunder.o ABSOLUTE
    ../mathlib/fpclassify.c                  0x00000000   Number         0  fpclassify.o ABSOLUTE
    ../mathlib/poly.c                        0x00000000   Number         0  poly.o ABSOLUTE
    ../mathlib/qnan.c                        0x00000000   Number         0  qnan.o ABSOLUTE
    ../mathlib/sqrt.c                        0x00000000   Number         0  sqrt.o ABSOLUTE
    ../mathlib/sqrt.c                        0x00000000   Number         0  sqrt_x.o ABSOLUTE
    ..\SRC\CMSIS\CoreSupport\core_cm3.c      0x00000000   Number         0  core_cm3.o ABSOLUTE
    ..\SRC\CMSIS\DeviceSupport\startup_stm32f10x_hd.s 0x00000000   Number         0  startup_stm32f10x_hd.o ABSOLUTE
    ..\SRC\HardWare\I2C\I2C.c                0x00000000   Number         0  i2c.o ABSOLUTE
    ..\SRC\HardWare\ICM20948\ICM20948.c      0x00000000   Number         0  icm20948.o ABSOLUTE
    ..\SRC\HardWare\IMU\IMU.c                0x00000000   Number         0  imu.o ABSOLUTE
    ..\SRC\HardWare\Modbus\Modbus.c          0x00000000   Number         0  modbus.o ABSOLUTE
    ..\SRC\HardWare\USART\USART.c            0x00000000   Number         0  usart.o ABSOLUTE
    ..\SRC\STM32F10x_StdPeriph_Driver\src\misc.c 0x00000000   Number         0  misc.o ABSOLUTE
    ..\SRC\STM32F10x_StdPeriph_Driver\src\stm32f10x_exti.c 0x00000000   Number         0  stm32f10x_exti.o ABSOLUTE
    ..\SRC\STM32F10x_StdPeriph_Driver\src\stm32f10x_flash.c 0x00000000   Number         0  stm32f10x_flash.o ABSOLUTE
    ..\SRC\STM32F10x_StdPeriph_Driver\src\stm32f10x_gpio.c 0x00000000   Number         0  stm32f10x_gpio.o ABSOLUTE
    ..\SRC\STM32F10x_StdPeriph_Driver\src\stm32f10x_i2c.c 0x00000000   Number         0  stm32f10x_i2c.o ABSOLUTE
    ..\SRC\STM32F10x_StdPeriph_Driver\src\stm32f10x_rcc.c 0x00000000   Number         0  stm32f10x_rcc.o ABSOLUTE
    ..\SRC\STM32F10x_StdPeriph_Driver\src\stm32f10x_tim.c 0x00000000   Number         0  stm32f10x_tim.o ABSOLUTE
    ..\SRC\STM32F10x_StdPeriph_Driver\src\stm32f10x_usart.c 0x00000000   Number         0  stm32f10x_usart.o ABSOLUTE
    ..\SRC\System\System.c                   0x00000000   Number         0  system.o ABSOLUTE
    ..\SRC\User\main.c                       0x00000000   Number         0  main.o ABSOLUTE
    ..\SRC\User\stm32f10x_it.c               0x00000000   Number         0  stm32f10x_it.o ABSOLUTE
    ..\SRC\User\system_stm32f10x.c           0x00000000   Number         0  system_stm32f10x.o ABSOLUTE
    ..\\SRC\\CMSIS\\CoreSupport\\core_cm3.c  0x00000000   Number         0  core_cm3.o ABSOLUTE
    cdcmple.s                                0x00000000   Number         0  cdcmple.o ABSOLUTE
    cdrcmple.s                               0x00000000   Number         0  cdrcmple.o ABSOLUTE
    cfcmple.s                                0x00000000   Number         0  cfcmple.o ABSOLUTE
    dc.s                                     0x00000000   Number         0  dc.o ABSOLUTE
    handlers.s                               0x00000000   Number         0  handlers.o ABSOLUTE
    init.s                                   0x00000000   Number         0  init.o ABSOLUTE
    RESET                                    0x08000000   Section      304  startup_stm32f10x_hd.o(RESET)
    .ARM.Collect$$$$00000000                 0x08000130   Section        0  entry.o(.ARM.Collect$$$$00000000)
    .ARM.Collect$$$$00000001                 0x08000130   Section        4  entry2.o(.ARM.Collect$$$$00000001)
    .ARM.Collect$$$$00000004                 0x08000134   Section        4  entry5.o(.ARM.Collect$$$$00000004)
    .ARM.Collect$$$$00000008                 0x08000138   Section        0  entry7b.o(.ARM.Collect$$$$00000008)
    .ARM.Collect$$$$0000000A                 0x08000138   Section        0  entry8b.o(.ARM.Collect$$$$0000000A)
    .ARM.Collect$$$$0000000B                 0x08000138   Section        8  entry9a.o(.ARM.Collect$$$$0000000B)
    .ARM.Collect$$$$0000000D                 0x08000140   Section        0  entry10a.o(.ARM.Collect$$$$0000000D)
    .ARM.Collect$$$$0000000F                 0x08000140   Section        0  entry11a.o(.ARM.Collect$$$$0000000F)
    .ARM.Collect$$$$00002712                 0x08000140   Section        4  entry2.o(.ARM.Collect$$$$00002712)
    __lit__00000000                          0x08000140   Data           4  entry2.o(.ARM.Collect$$$$00002712)
    .text                                    0x08000144   Section       36  startup_stm32f10x_hd.o(.text)
    .text                                    0x08000168   Section        0  stm32f10x_gpio.o(.text)
    .text                                    0x080004c4   Section        0  usart.o(.text)
    .text                                    0x080005a8   Section        0  i2c.o(.text)
    .text                                    0x08000a54   Section        0  imu.o(.text)
    .text                                    0x08001694   Section        0  icm20948.o(.text)
    invmsICM20948WriteSecondary              0x080016ab   Thumb Code   160  icm20948.o(.text)
    invmsICM20948ReadSecondary               0x0800174b   Thumb Code   182  icm20948.o(.text)
    invmsICM20948MagCheck                    0x08001801   Thumb Code    38  icm20948.o(.text)
    invmsICM20948CalAvgValue                 0x08001827   Thumb Code    56  icm20948.o(.text)
    invmsICM20948GyroOffset                  0x08001963   Thumb Code    84  icm20948.o(.text)
    .text                                    0x08001c24   Section        0  modbus.o(.text)
    .text                                    0x08001e5c   Section        0  misc.o(.text)
    .text                                    0x08001f38   Section        0  stm32f10x_rcc.o(.text)
    .text                                    0x080022dc   Section        0  stm32f10x_tim.o(.text)
    TI4_Config                               0x08002783   Thumb Code   130  stm32f10x_tim.o(.text)
    TI3_Config                               0x08002817   Thumb Code   122  stm32f10x_tim.o(.text)
    TI2_Config                               0x080028ab   Thumb Code   130  stm32f10x_tim.o(.text)
    TI1_Config                               0x0800293f   Thumb Code   108  stm32f10x_tim.o(.text)
    .text                                    0x080030f8   Section        0  stm32f10x_usart.o(.text)
    .text                                    0x08003500   Section        0  stm32f10x_flash.o(.text)
    .text                                    0x08003abc   Section        0  system.o(.text)
    .text                                    0x08003bbc   Section        0  main.o(.text)
    .text                                    0x08003c90   Section        0  stm32f10x_it.o(.text)
    .text                                    0x08003d04   Section        0  system_stm32f10x.o(.text)
    SetSysClockTo72                          0x08003d05   Thumb Code   214  system_stm32f10x.o(.text)
    SetSysClock                              0x08003ddb   Thumb Code     8  system_stm32f10x.o(.text)
    .text                                    0x08003ee4   Section        0  fadd.o(.text)
    .text                                    0x08003f94   Section        0  fmul.o(.text)
    .text                                    0x08003ff8   Section        0  dadd.o(.text)
    .text                                    0x08004146   Section        0  dmul.o(.text)
    .text                                    0x0800422a   Section        0  ddiv.o(.text)
    .text                                    0x08004308   Section        0  fflti.o(.text)
    .text                                    0x0800431a   Section        0  dflti.o(.text)
    .text                                    0x0800433c   Section        0  ffixui.o(.text)
    .text                                    0x08004364   Section        0  f2d.o(.text)
    .text                                    0x0800438a   Section        0  d2f.o(.text)
    .text                                    0x080043c4   Section       20  cfcmple.o(.text)
    .text                                    0x080043d8   Section        0  llshl.o(.text)
    .text                                    0x080043f6   Section        0  llsshr.o(.text)
    .text                                    0x0800441a   Section        0  fepilogue.o(.text)
    .text                                    0x0800441a   Section        0  iusefp.o(.text)
    .text                                    0x08004488   Section        0  depilogue.o(.text)
    .text                                    0x08004542   Section        0  dscalb.o(.text)
    .text                                    0x08004570   Section        0  dsqrt.o(.text)
    .text                                    0x08004614   Section       36  init.o(.text)
    .text                                    0x08004638   Section        0  llushr.o(.text)
    i.__0printf$bare                         0x08004658   Section        0  printfb.o(i.__0printf$bare)
    i.__ARM_fpclassify                       0x08004668   Section        0  fpclassify.o(i.__ARM_fpclassify)
    i.__kernel_poly                          0x08004690   Section        0  poly.o(i.__kernel_poly)
    i.__mathlib_dbl_infnan                   0x0800473a   Section        0  dunder.o(i.__mathlib_dbl_infnan)
    i.__mathlib_dbl_infnan2                  0x08004740   Section        0  dunder.o(i.__mathlib_dbl_infnan2)
    i.__mathlib_dbl_invalid                  0x08004744   Section        0  dunder.o(i.__mathlib_dbl_invalid)
    i.__mathlib_dbl_underflow                0x08004750   Section        0  dunder.o(i.__mathlib_dbl_underflow)
    i.__scatterload_copy                     0x08004760   Section       14  handlers.o(i.__scatterload_copy)
    i.__scatterload_null                     0x0800476e   Section        2  handlers.o(i.__scatterload_null)
    i.__scatterload_zeroinit                 0x08004770   Section       14  handlers.o(i.__scatterload_zeroinit)
    i.__set_errno                            0x08004780   Section        0  errno.o(i.__set_errno)
    i._printf_core                           0x0800478c   Section        0  printfb.o(i._printf_core)
    _printf_core                             0x0800478d   Thumb Code    34  printfb.o(i._printf_core)
    i.asin                                   0x080047b0   Section        0  asin.o(i.asin)
    i.atan                                   0x08004a20   Section        0  atan.o(i.atan)
    i.atan2                                  0x08004c40   Section        0  atan2.o(i.atan2)
    i.sqrt                                   0x08004dc0   Section        0  sqrt.o(i.sqrt)
    .constdata                               0x08004e10   Section       80  asin.o(.constdata)
    pS                                       0x08004e10   Data          48  asin.o(.constdata)
    qS                                       0x08004e40   Data          32  asin.o(.constdata)
    .constdata                               0x08004e60   Section      152  atan.o(.constdata)
    atanhi                                   0x08004e60   Data          32  atan.o(.constdata)
    atanlo                                   0x08004e80   Data          32  atan.o(.constdata)
    aTodd                                    0x08004ea0   Data          40  atan.o(.constdata)
    aTeven                                   0x08004ec8   Data          48  atan.o(.constdata)
    .constdata                               0x08004ef8   Section        8  qnan.o(.constdata)
    .data                                    0x20000000   Section       42  imu.o(.data)
    .data                                    0x2000002a   Section        8  icm20948.o(.data)
    ss16c                                    0x20000030   Data           2  icm20948.o(.data)
    .data                                    0x20000032   Section       23  modbus.o(.data)
    .data                                    0x20000049   Section       20  stm32f10x_rcc.o(.data)
    APBAHBPrescTable                         0x20000049   Data          16  stm32f10x_rcc.o(.data)
    ADCPrescTable                            0x20000059   Data           4  stm32f10x_rcc.o(.data)
    .data                                    0x2000005d   Section        6  system.o(.data)
    Tim_48ms                                 0x20000060   Data           1  system.o(.data)
    Tim_32ms                                 0x20000061   Data           1  system.o(.data)
    Tim_500mS                                0x20000062   Data           1  system.o(.data)
    .data                                    0x20000064   Section       20  system_stm32f10x.o(.data)
    .data                                    0x20000078   Section        4  stdout.o(.data)
    .data                                    0x2000007c   Section        4  errno.o(.data)
    _errno                                   0x2000007c   Data           4  errno.o(.data)
    .bss                                     0x20000080   Section       12  imu.o(.bss)
    .bss                                     0x2000008c   Section      162  icm20948.o(.bss)
    sstAvgBuf                                0x2000008c   Data          54  icm20948.o(.bss)
    sstAvgBuf                                0x200000c2   Data          54  icm20948.o(.bss)
    sstAvgBuf                                0x200000f8   Data          54  icm20948.o(.bss)
    .bss                                     0x2000012e   Section       20  modbus.o(.bss)
    STACK                                    0x20000148   Section     1024  startup_stm32f10x_hd.o(STACK)

    Global Symbols

    Symbol Name                              Value     Ov Type        Size  Object(Section)

    BuildAttributes$$THM_ISAv4$P$D$K$B$S$PE$A:L22UL41UL21$X:L11$S22US41US21$IEEE1$IW$USESV6$~STKCKD$USESV7$~SHL$OTIME$ROPI$IEEEX$EBA8$MICROLIB$REQ8$PRES8$EABIv2 0x00000000   Number         0  anon$$obj.o ABSOLUTE
    __ARM_use_no_argv                        0x00000000   Number         0  main.o ABSOLUTE
    __cpp_initialize__aeabi_                  - Undefined Weak Reference
    __cxa_finalize                            - Undefined Weak Reference
    __decompress                              - Undefined Weak Reference
    _clock_init                               - Undefined Weak Reference
    _microlib_exit                            - Undefined Weak Reference
    __Vectors_Size                           0x00000130   Number         0  startup_stm32f10x_hd.o ABSOLUTE
    __Vectors                                0x08000000   Data           4  startup_stm32f10x_hd.o(RESET)
    __Vectors_End                            0x08000130   Data           0  startup_stm32f10x_hd.o(RESET)
    __main                                   0x08000131   Thumb Code     0  entry.o(.ARM.Collect$$$$00000000)
    _main_stk                                0x08000131   Thumb Code     0  entry2.o(.ARM.Collect$$$$00000001)
    _main_scatterload                        0x08000135   Thumb Code     0  entry5.o(.ARM.Collect$$$$00000004)
    __main_after_scatterload                 0x08000139   Thumb Code     0  entry5.o(.ARM.Collect$$$$00000004)
    _main_clock                              0x08000139   Thumb Code     0  entry7b.o(.ARM.Collect$$$$00000008)
    _main_cpp_init                           0x08000139   Thumb Code     0  entry8b.o(.ARM.Collect$$$$0000000A)
    _main_init                               0x08000139   Thumb Code     0  entry9a.o(.ARM.Collect$$$$0000000B)
    __rt_final_cpp                           0x08000141   Thumb Code     0  entry10a.o(.ARM.Collect$$$$0000000D)
    __rt_final_exit                          0x08000141   Thumb Code     0  entry11a.o(.ARM.Collect$$$$0000000F)
    Reset_Handler                            0x08000145   Thumb Code     8  startup_stm32f10x_hd.o(.text)
    ADC1_2_IRQHandler                        0x0800015f   Thumb Code     0  startup_stm32f10x_hd.o(.text)
    ADC3_IRQHandler                          0x0800015f   Thumb Code     0  startup_stm32f10x_hd.o(.text)
    CAN1_RX1_IRQHandler                      0x0800015f   Thumb Code     0  startup_stm32f10x_hd.o(.text)
    CAN1_SCE_IRQHandler                      0x0800015f   Thumb Code     0  startup_stm32f10x_hd.o(.text)
    DMA1_Channel1_IRQHandler                 0x0800015f   Thumb Code     0  startup_stm32f10x_hd.o(.text)
    DMA1_Channel2_IRQHandler                 0x0800015f   Thumb Code     0  startup_stm32f10x_hd.o(.text)
    DMA1_Channel3_IRQHandler                 0x0800015f   Thumb Code     0  startup_stm32f10x_hd.o(.text)
    DMA1_Channel4_IRQHandler                 0x0800015f   Thumb Code     0  startup_stm32f10x_hd.o(.text)
    DMA1_Channel5_IRQHandler                 0x0800015f   Thumb Code     0  startup_stm32f10x_hd.o(.text)
    DMA1_Channel6_IRQHandler                 0x0800015f   Thumb Code     0  startup_stm32f10x_hd.o(.text)
    DMA1_Channel7_IRQHandler                 0x0800015f   Thumb Code     0  startup_stm32f10x_hd.o(.text)
    DMA2_Channel1_IRQHandler                 0x0800015f   Thumb Code     0  startup_stm32f10x_hd.o(.text)
    DMA2_Channel2_IRQHandler                 0x0800015f   Thumb Code     0  startup_stm32f10x_hd.o(.text)
    DMA2_Channel3_IRQHandler                 0x0800015f   Thumb Code     0  startup_stm32f10x_hd.o(.text)
    DMA2_Channel4_5_IRQHandler               0x0800015f   Thumb Code     0  startup_stm32f10x_hd.o(.text)
    EXTI0_IRQHandler                         0x0800015f   Thumb Code     0  startup_stm32f10x_hd.o(.text)
    EXTI15_10_IRQHandler                     0x0800015f   Thumb Code     0  startup_stm32f10x_hd.o(.text)
    EXTI1_IRQHandler                         0x0800015f   Thumb Code     0  startup_stm32f10x_hd.o(.text)
    EXTI2_IRQHandler                         0x0800015f   Thumb Code     0  startup_stm32f10x_hd.o(.text)
    EXTI3_IRQHandler                         0x0800015f   Thumb Code     0  startup_stm32f10x_hd.o(.text)
    EXTI4_IRQHandler                         0x0800015f   Thumb Code     0  startup_stm32f10x_hd.o(.text)
    EXTI9_5_IRQHandler                       0x0800015f   Thumb Code     0  startup_stm32f10x_hd.o(.text)
    FLASH_IRQHandler                         0x0800015f   Thumb Code     0  startup_stm32f10x_hd.o(.text)
    FSMC_IRQHandler                          0x0800015f   Thumb Code     0  startup_stm32f10x_hd.o(.text)
    I2C1_ER_IRQHandler                       0x0800015f   Thumb Code     0  startup_stm32f10x_hd.o(.text)
    I2C1_EV_IRQHandler                       0x0800015f   Thumb Code     0  startup_stm32f10x_hd.o(.text)
    I2C2_ER_IRQHandler                       0x0800015f   Thumb Code     0  startup_stm32f10x_hd.o(.text)
    I2C2_EV_IRQHandler                       0x0800015f   Thumb Code     0  startup_stm32f10x_hd.o(.text)
    PVD_IRQHandler                           0x0800015f   Thumb Code     0  startup_stm32f10x_hd.o(.text)
    RCC_IRQHandler                           0x0800015f   Thumb Code     0  startup_stm32f10x_hd.o(.text)
    RTCAlarm_IRQHandler                      0x0800015f   Thumb Code     0  startup_stm32f10x_hd.o(.text)
    RTC_IRQHandler                           0x0800015f   Thumb Code     0  startup_stm32f10x_hd.o(.text)
    SDIO_IRQHandler                          0x0800015f   Thumb Code     0  startup_stm32f10x_hd.o(.text)
    SPI1_IRQHandler                          0x0800015f   Thumb Code     0  startup_stm32f10x_hd.o(.text)
    SPI2_IRQHandler                          0x0800015f   Thumb Code     0  startup_stm32f10x_hd.o(.text)
    SPI3_IRQHandler                          0x0800015f   Thumb Code     0  startup_stm32f10x_hd.o(.text)
    TAMPER_IRQHandler                        0x0800015f   Thumb Code     0  startup_stm32f10x_hd.o(.text)
    TIM1_BRK_IRQHandler                      0x0800015f   Thumb Code     0  startup_stm32f10x_hd.o(.text)
    TIM1_CC_IRQHandler                       0x0800015f   Thumb Code     0  startup_stm32f10x_hd.o(.text)
    TIM1_TRG_COM_IRQHandler                  0x0800015f   Thumb Code     0  startup_stm32f10x_hd.o(.text)
    TIM1_UP_IRQHandler                       0x0800015f   Thumb Code     0  startup_stm32f10x_hd.o(.text)
    TIM2_IRQHandler                          0x0800015f   Thumb Code     0  startup_stm32f10x_hd.o(.text)
    TIM4_IRQHandler                          0x0800015f   Thumb Code     0  startup_stm32f10x_hd.o(.text)
    TIM5_IRQHandler                          0x0800015f   Thumb Code     0  startup_stm32f10x_hd.o(.text)
    TIM6_IRQHandler                          0x0800015f   Thumb Code     0  startup_stm32f10x_hd.o(.text)
    TIM7_IRQHandler                          0x0800015f   Thumb Code     0  startup_stm32f10x_hd.o(.text)
    TIM8_BRK_IRQHandler                      0x0800015f   Thumb Code     0  startup_stm32f10x_hd.o(.text)
    TIM8_CC_IRQHandler                       0x0800015f   Thumb Code     0  startup_stm32f10x_hd.o(.text)
    TIM8_TRG_COM_IRQHandler                  0x0800015f   Thumb Code     0  startup_stm32f10x_hd.o(.text)
    TIM8_UP_IRQHandler                       0x0800015f   Thumb Code     0  startup_stm32f10x_hd.o(.text)
    UART4_IRQHandler                         0x0800015f   Thumb Code     0  startup_stm32f10x_hd.o(.text)
    UART5_IRQHandler                         0x0800015f   Thumb Code     0  startup_stm32f10x_hd.o(.text)
    USART2_IRQHandler                        0x0800015f   Thumb Code     0  startup_stm32f10x_hd.o(.text)
    USART3_IRQHandler                        0x0800015f   Thumb Code     0  startup_stm32f10x_hd.o(.text)
    USBWakeUp_IRQHandler                     0x0800015f   Thumb Code     0  startup_stm32f10x_hd.o(.text)
    USB_HP_CAN1_TX_IRQHandler                0x0800015f   Thumb Code     0  startup_stm32f10x_hd.o(.text)
    WWDG_IRQHandler                          0x0800015f   Thumb Code     0  startup_stm32f10x_hd.o(.text)
    GPIO_DeInit                              0x08000169   Thumb Code   172  stm32f10x_gpio.o(.text)
    GPIO_AFIODeInit                          0x08000215   Thumb Code    20  stm32f10x_gpio.o(.text)
    GPIO_Init                                0x08000229   Thumb Code   278  stm32f10x_gpio.o(.text)
    GPIO_StructInit                          0x0800033f   Thumb Code    16  stm32f10x_gpio.o(.text)
    GPIO_ReadInputDataBit                    0x0800034f   Thumb Code    18  stm32f10x_gpio.o(.text)
    GPIO_ReadInputData                       0x08000361   Thumb Code     8  stm32f10x_gpio.o(.text)
    GPIO_ReadOutputDataBit                   0x08000369   Thumb Code    18  stm32f10x_gpio.o(.text)
    GPIO_ReadOutputData                      0x0800037b   Thumb Code     8  stm32f10x_gpio.o(.text)
    GPIO_SetBits                             0x08000383   Thumb Code     4  stm32f10x_gpio.o(.text)
    GPIO_ResetBits                           0x08000387   Thumb Code     4  stm32f10x_gpio.o(.text)
    GPIO_WriteBit                            0x0800038b   Thumb Code    10  stm32f10x_gpio.o(.text)
    GPIO_Write                               0x08000395   Thumb Code     4  stm32f10x_gpio.o(.text)
    GPIO_PinLockConfig                       0x08000399   Thumb Code    18  stm32f10x_gpio.o(.text)
    GPIO_EventOutputConfig                   0x080003ab   Thumb Code    26  stm32f10x_gpio.o(.text)
    GPIO_EventOutputCmd                      0x080003c5   Thumb Code     6  stm32f10x_gpio.o(.text)
    GPIO_PinRemapConfig                      0x080003cb   Thumb Code   138  stm32f10x_gpio.o(.text)
    GPIO_EXTILineConfig                      0x08000455   Thumb Code    66  stm32f10x_gpio.o(.text)
    GPIO_ETH_MediaInterfaceConfig            0x08000497   Thumb Code     8  stm32f10x_gpio.o(.text)
    fputc                                    0x080004c5   Thumb Code    32  usart.o(.text)
    USART1_Init                              0x080004e5   Thumb Code   160  usart.o(.text)
    USART_Send_Char                          0x08000585   Thumb Code    28  usart.o(.text)
    I2C_GPIOInit                             0x080005a9   Thumb Code    60  i2c.o(.text)
    I2Cx_Init                                0x080005e5   Thumb Code     8  i2c.o(.text)
    Delay_us                                 0x080005ed   Thumb Code    28  i2c.o(.text)
    I2C_SDAMode                              0x08000609   Thumb Code    50  i2c.o(.text)
    I2C_Start                                0x0800063b   Thumb Code    78  i2c.o(.text)
    I2C_Stop                                 0x08000689   Thumb Code    66  i2c.o(.text)
    I2C_WaiteForAck                          0x080006cb   Thumb Code   100  i2c.o(.text)
    I2C_Ack                                  0x0800072f   Thumb Code    68  i2c.o(.text)
    I2C_NAck                                 0x08000773   Thumb Code    66  i2c.o(.text)
    I2C_WriteByte                            0x080007b5   Thumb Code    98  i2c.o(.text)
    I2C_WriteOneByte                         0x08000817   Thumb Code    48  i2c.o(.text)
    I2C_ReadByte                             0x08000847   Thumb Code   100  i2c.o(.text)
    I2C_ReadOneByte                          0x080008ab   Thumb Code    64  i2c.o(.text)
    I2C_WriteOneBit                          0x080008eb   Thumb Code    58  i2c.o(.text)
    I2C_WriteBits                            0x08000925   Thumb Code    88  i2c.o(.text)
    I2C_WriteBuff                            0x0800097d   Thumb Code    82  i2c.o(.text)
    I2C_ReadBuff                             0x080009cf   Thumb Code   106  i2c.o(.text)
    Delay_ms                                 0x08000a39   Thumb Code    26  i2c.o(.text)
    invSqrt                                  0x08000a55   Thumb Code    72  imu.o(.text)
    IMU_Init                                 0x08000a9d   Thumb Code    30  imu.o(.text)
    IMU_AHRSupdate                           0x08000abb   Thumb Code  1966  imu.o(.text)
    IMU_GetQuater                            0x08001269   Thumb Code   432  imu.o(.text)
    IMU_GetYawPitchRoll                      0x08001419   Thumb Code   576  imu.o(.text)
    invmsICM20948Check                       0x08001695   Thumb Code    22  icm20948.o(.text)
    invmsICM20948GyroRead                    0x0800185f   Thumb Code   260  icm20948.o(.text)
    invmsICM20948Init                        0x080019b7   Thumb Code   124  icm20948.o(.text)
    invmsICM20948AccelRead                   0x08001a33   Thumb Code   228  icm20948.o(.text)
    invmsICM20948MagRead                     0x08001b17   Thumb Code   228  icm20948.o(.text)
    Modbus_Init                              0x08001c25   Thumb Code   100  modbus.o(.text)
    ModbusReceive                            0x08001c89   Thumb Code   106  modbus.o(.text)
    ModbusTransmit                           0x08001cf3   Thumb Code    70  modbus.o(.text)
    ModbusIdle                               0x08001d39   Thumb Code   238  modbus.o(.text)
    NVIC_PriorityGroupConfig                 0x08001e5d   Thumb Code    10  misc.o(.text)
    NVIC_Init                                0x08001e67   Thumb Code   100  misc.o(.text)
    NVIC_SetVectorTable                      0x08001ecb   Thumb Code    14  misc.o(.text)
    NVIC_SystemLPConfig                      0x08001ed9   Thumb Code    34  misc.o(.text)
    SysTick_CLKSourceConfig                  0x08001efb   Thumb Code    40  misc.o(.text)
    RCC_DeInit                               0x08001f39   Thumb Code    64  stm32f10x_rcc.o(.text)
    RCC_HSEConfig                            0x08001f79   Thumb Code    70  stm32f10x_rcc.o(.text)
    RCC_GetFlagStatus                        0x08001fbf   Thumb Code    56  stm32f10x_rcc.o(.text)
    RCC_WaitForHSEStartUp                    0x08001ff7   Thumb Code    56  stm32f10x_rcc.o(.text)
    RCC_AdjustHSICalibrationValue            0x0800202f   Thumb Code    20  stm32f10x_rcc.o(.text)
    RCC_HSICmd                               0x08002043   Thumb Code     6  stm32f10x_rcc.o(.text)
    RCC_PLLConfig                            0x08002049   Thumb Code    24  stm32f10x_rcc.o(.text)
    RCC_PLLCmd                               0x08002061   Thumb Code     6  stm32f10x_rcc.o(.text)
    RCC_SYSCLKConfig                         0x08002067   Thumb Code    18  stm32f10x_rcc.o(.text)
    RCC_GetSYSCLKSource                      0x08002079   Thumb Code    10  stm32f10x_rcc.o(.text)
    RCC_HCLKConfig                           0x08002083   Thumb Code    18  stm32f10x_rcc.o(.text)
    RCC_PCLK1Config                          0x08002095   Thumb Code    18  stm32f10x_rcc.o(.text)
    RCC_PCLK2Config                          0x080020a7   Thumb Code    20  stm32f10x_rcc.o(.text)
    RCC_ITConfig                             0x080020bb   Thumb Code    26  stm32f10x_rcc.o(.text)
    RCC_USBCLKConfig                         0x080020d5   Thumb Code     8  stm32f10x_rcc.o(.text)
    RCC_ADCCLKConfig                         0x080020dd   Thumb Code    18  stm32f10x_rcc.o(.text)
    RCC_LSEConfig                            0x080020ef   Thumb Code    50  stm32f10x_rcc.o(.text)
    RCC_LSICmd                               0x08002121   Thumb Code     6  stm32f10x_rcc.o(.text)
    RCC_RTCCLKConfig                         0x08002127   Thumb Code    12  stm32f10x_rcc.o(.text)
    RCC_RTCCLKCmd                            0x08002133   Thumb Code     8  stm32f10x_rcc.o(.text)
    RCC_GetClocksFreq                        0x0800213b   Thumb Code   192  stm32f10x_rcc.o(.text)
    RCC_AHBPeriphClockCmd                    0x080021fb   Thumb Code    26  stm32f10x_rcc.o(.text)
    RCC_APB2PeriphClockCmd                   0x08002215   Thumb Code    26  stm32f10x_rcc.o(.text)
    RCC_APB1PeriphClockCmd                   0x0800222f   Thumb Code    26  stm32f10x_rcc.o(.text)
    RCC_APB2PeriphResetCmd                   0x08002249   Thumb Code    26  stm32f10x_rcc.o(.text)
    RCC_APB1PeriphResetCmd                   0x08002263   Thumb Code    26  stm32f10x_rcc.o(.text)
    RCC_BackupResetCmd                       0x0800227d   Thumb Code     8  stm32f10x_rcc.o(.text)
    RCC_ClockSecuritySystemCmd               0x08002285   Thumb Code     6  stm32f10x_rcc.o(.text)
    RCC_MCOConfig                            0x0800228b   Thumb Code     6  stm32f10x_rcc.o(.text)
    RCC_ClearFlag                            0x08002291   Thumb Code    14  stm32f10x_rcc.o(.text)
    RCC_GetITStatus                          0x0800229f   Thumb Code    20  stm32f10x_rcc.o(.text)
    RCC_ClearITPendingBit                    0x080022b3   Thumb Code     6  stm32f10x_rcc.o(.text)
    TIM_DeInit                               0x080022dd   Thumb Code   424  stm32f10x_tim.o(.text)
    TIM_TimeBaseInit                         0x08002485   Thumb Code   122  stm32f10x_tim.o(.text)
    TIM_OC1Init                              0x080024ff   Thumb Code   132  stm32f10x_tim.o(.text)
    TIM_OC2Init                              0x08002583   Thumb Code   154  stm32f10x_tim.o(.text)
    TIM_OC3Init                              0x0800261d   Thumb Code   150  stm32f10x_tim.o(.text)
    TIM_OC4Init                              0x080026b3   Thumb Code   182  stm32f10x_tim.o(.text)
    TIM_SetIC4Prescaler                      0x08002769   Thumb Code    26  stm32f10x_tim.o(.text)
    TIM_SetIC3Prescaler                      0x08002805   Thumb Code    18  stm32f10x_tim.o(.text)
    TIM_SetIC2Prescaler                      0x08002891   Thumb Code    26  stm32f10x_tim.o(.text)
    TIM_SetIC1Prescaler                      0x0800292d   Thumb Code    18  stm32f10x_tim.o(.text)
    TIM_ICInit                               0x080029ab   Thumb Code   150  stm32f10x_tim.o(.text)
    TIM_PWMIConfig                           0x08002a41   Thumb Code   124  stm32f10x_tim.o(.text)
    TIM_BDTRConfig                           0x08002abd   Thumb Code    32  stm32f10x_tim.o(.text)
    TIM_TimeBaseStructInit                   0x08002add   Thumb Code    18  stm32f10x_tim.o(.text)
    TIM_OCStructInit                         0x08002aef   Thumb Code    20  stm32f10x_tim.o(.text)
    TIM_ICStructInit                         0x08002b03   Thumb Code    18  stm32f10x_tim.o(.text)
    TIM_BDTRStructInit                       0x08002b15   Thumb Code    40  stm32f10x_tim.o(.text)
    TIM_Cmd                                  0x08002b3d   Thumb Code    24  stm32f10x_tim.o(.text)
    TIM_CtrlPWMOutputs                       0x08002b55   Thumb Code    30  stm32f10x_tim.o(.text)
    TIM_ITConfig                             0x08002b73   Thumb Code    18  stm32f10x_tim.o(.text)
    TIM_GenerateEvent                        0x08002b85   Thumb Code     4  stm32f10x_tim.o(.text)
    TIM_DMAConfig                            0x08002b89   Thumb Code    10  stm32f10x_tim.o(.text)
    TIM_DMACmd                               0x08002b93   Thumb Code    18  stm32f10x_tim.o(.text)
    TIM_InternalClockConfig                  0x08002ba5   Thumb Code    12  stm32f10x_tim.o(.text)
    TIM_SelectInputTrigger                   0x08002bb1   Thumb Code    18  stm32f10x_tim.o(.text)
    TIM_ITRxExternalClockConfig              0x08002bc3   Thumb Code    24  stm32f10x_tim.o(.text)
    TIM_TIxExternalClockConfig               0x08002bdb   Thumb Code    62  stm32f10x_tim.o(.text)
    TIM_ETRConfig                            0x08002c19   Thumb Code    28  stm32f10x_tim.o(.text)
    TIM_ETRClockMode1Config                  0x08002c35   Thumb Code    54  stm32f10x_tim.o(.text)
    TIM_ETRClockMode2Config                  0x08002c6b   Thumb Code    32  stm32f10x_tim.o(.text)
    TIM_PrescalerConfig                      0x08002c8b   Thumb Code     6  stm32f10x_tim.o(.text)
    TIM_CounterModeConfig                    0x08002c91   Thumb Code    18  stm32f10x_tim.o(.text)
    TIM_EncoderInterfaceConfig               0x08002ca3   Thumb Code    66  stm32f10x_tim.o(.text)
    TIM_ForcedOC1Config                      0x08002ce5   Thumb Code    18  stm32f10x_tim.o(.text)
    TIM_ForcedOC2Config                      0x08002cf7   Thumb Code    26  stm32f10x_tim.o(.text)
    TIM_ForcedOC3Config                      0x08002d11   Thumb Code    18  stm32f10x_tim.o(.text)
    TIM_ForcedOC4Config                      0x08002d23   Thumb Code    26  stm32f10x_tim.o(.text)
    TIM_ARRPreloadConfig                     0x08002d3d   Thumb Code    24  stm32f10x_tim.o(.text)
    TIM_SelectCOM                            0x08002d55   Thumb Code    24  stm32f10x_tim.o(.text)
    TIM_SelectCCDMA                          0x08002d6d   Thumb Code    24  stm32f10x_tim.o(.text)
    TIM_CCPreloadControl                     0x08002d85   Thumb Code    24  stm32f10x_tim.o(.text)
    TIM_OC1PreloadConfig                     0x08002d9d   Thumb Code    18  stm32f10x_tim.o(.text)
    TIM_OC2PreloadConfig                     0x08002daf   Thumb Code    26  stm32f10x_tim.o(.text)
    TIM_OC3PreloadConfig                     0x08002dc9   Thumb Code    18  stm32f10x_tim.o(.text)
    TIM_OC4PreloadConfig                     0x08002ddb   Thumb Code    26  stm32f10x_tim.o(.text)
    TIM_OC1FastConfig                        0x08002df5   Thumb Code    18  stm32f10x_tim.o(.text)
    TIM_OC2FastConfig                        0x08002e07   Thumb Code    26  stm32f10x_tim.o(.text)
    TIM_OC3FastConfig                        0x08002e21   Thumb Code    18  stm32f10x_tim.o(.text)
    TIM_OC4FastConfig                        0x08002e33   Thumb Code    26  stm32f10x_tim.o(.text)
    TIM_ClearOC1Ref                          0x08002e4d   Thumb Code    18  stm32f10x_tim.o(.text)
    TIM_ClearOC2Ref                          0x08002e5f   Thumb Code    24  stm32f10x_tim.o(.text)
    TIM_ClearOC3Ref                          0x08002e77   Thumb Code    18  stm32f10x_tim.o(.text)
    TIM_ClearOC4Ref                          0x08002e89   Thumb Code    24  stm32f10x_tim.o(.text)
    TIM_OC1PolarityConfig                    0x08002ea1   Thumb Code    18  stm32f10x_tim.o(.text)
    TIM_OC1NPolarityConfig                   0x08002eb3   Thumb Code    18  stm32f10x_tim.o(.text)
    TIM_OC2PolarityConfig                    0x08002ec5   Thumb Code    26  stm32f10x_tim.o(.text)
    TIM_OC2NPolarityConfig                   0x08002edf   Thumb Code    26  stm32f10x_tim.o(.text)
    TIM_OC3PolarityConfig                    0x08002ef9   Thumb Code    26  stm32f10x_tim.o(.text)
    TIM_OC3NPolarityConfig                   0x08002f13   Thumb Code    26  stm32f10x_tim.o(.text)
    TIM_OC4PolarityConfig                    0x08002f2d   Thumb Code    26  stm32f10x_tim.o(.text)
    TIM_CCxCmd                               0x08002f47   Thumb Code    30  stm32f10x_tim.o(.text)
    TIM_CCxNCmd                              0x08002f65   Thumb Code    30  stm32f10x_tim.o(.text)
    TIM_SelectOCxM                           0x08002f83   Thumb Code    82  stm32f10x_tim.o(.text)
    TIM_UpdateDisableConfig                  0x08002fd5   Thumb Code    24  stm32f10x_tim.o(.text)
    TIM_UpdateRequestConfig                  0x08002fed   Thumb Code    24  stm32f10x_tim.o(.text)
    TIM_SelectHallSensor                     0x08003005   Thumb Code    24  stm32f10x_tim.o(.text)
    TIM_SelectOnePulseMode                   0x0800301d   Thumb Code    18  stm32f10x_tim.o(.text)
    TIM_SelectOutputTrigger                  0x0800302f   Thumb Code    18  stm32f10x_tim.o(.text)
    TIM_SelectSlaveMode                      0x08003041   Thumb Code    18  stm32f10x_tim.o(.text)
    TIM_SelectMasterSlaveMode                0x08003053   Thumb Code    18  stm32f10x_tim.o(.text)
    TIM_SetCounter                           0x08003065   Thumb Code     4  stm32f10x_tim.o(.text)
    TIM_SetAutoreload                        0x08003069   Thumb Code     4  stm32f10x_tim.o(.text)
    TIM_SetCompare1                          0x0800306d   Thumb Code     4  stm32f10x_tim.o(.text)
    TIM_SetCompare2                          0x08003071   Thumb Code     4  stm32f10x_tim.o(.text)
    TIM_SetCompare3                          0x08003075   Thumb Code     4  stm32f10x_tim.o(.text)
    TIM_SetCompare4                          0x08003079   Thumb Code     6  stm32f10x_tim.o(.text)
    TIM_SetClockDivision                     0x0800307f   Thumb Code    18  stm32f10x_tim.o(.text)
    TIM_GetCapture1                          0x08003091   Thumb Code     6  stm32f10x_tim.o(.text)
    TIM_GetCapture2                          0x08003097   Thumb Code     6  stm32f10x_tim.o(.text)
    TIM_GetCapture3                          0x0800309d   Thumb Code     6  stm32f10x_tim.o(.text)
    TIM_GetCapture4                          0x080030a3   Thumb Code     8  stm32f10x_tim.o(.text)
    TIM_GetCounter                           0x080030ab   Thumb Code     6  stm32f10x_tim.o(.text)
    TIM_GetPrescaler                         0x080030b1   Thumb Code     6  stm32f10x_tim.o(.text)
    TIM_GetFlagStatus                        0x080030b7   Thumb Code    18  stm32f10x_tim.o(.text)
    TIM_ClearFlag                            0x080030c9   Thumb Code     6  stm32f10x_tim.o(.text)
    TIM_GetITStatus                          0x080030cf   Thumb Code    34  stm32f10x_tim.o(.text)
    TIM_ClearITPendingBit                    0x080030f1   Thumb Code     6  stm32f10x_tim.o(.text)
    USART_DeInit                             0x080030f9   Thumb Code   134  stm32f10x_usart.o(.text)
    USART_Init                               0x0800317f   Thumb Code   210  stm32f10x_usart.o(.text)
    USART_StructInit                         0x08003251   Thumb Code    24  stm32f10x_usart.o(.text)
    USART_ClockInit                          0x08003269   Thumb Code    34  stm32f10x_usart.o(.text)
    USART_ClockStructInit                    0x0800328b   Thumb Code    12  stm32f10x_usart.o(.text)
    USART_Cmd                                0x08003297   Thumb Code    24  stm32f10x_usart.o(.text)
    USART_ITConfig                           0x080032af   Thumb Code    74  stm32f10x_usart.o(.text)
    USART_DMACmd                             0x080032f9   Thumb Code    18  stm32f10x_usart.o(.text)
    USART_SetAddress                         0x0800330b   Thumb Code    18  stm32f10x_usart.o(.text)
    USART_WakeUpConfig                       0x0800331d   Thumb Code    18  stm32f10x_usart.o(.text)
    USART_ReceiverWakeUpCmd                  0x0800332f   Thumb Code    24  stm32f10x_usart.o(.text)
    USART_LINBreakDetectLengthConfig         0x08003347   Thumb Code    18  stm32f10x_usart.o(.text)
    USART_LINCmd                             0x08003359   Thumb Code    24  stm32f10x_usart.o(.text)
    USART_SendData                           0x08003371   Thumb Code     8  stm32f10x_usart.o(.text)
    USART_ReceiveData                        0x08003379   Thumb Code    10  stm32f10x_usart.o(.text)
    USART_SendBreak                          0x08003383   Thumb Code    10  stm32f10x_usart.o(.text)
    USART_SetGuardTime                       0x0800338d   Thumb Code    16  stm32f10x_usart.o(.text)
    USART_SetPrescaler                       0x0800339d   Thumb Code    16  stm32f10x_usart.o(.text)
    USART_SmartCardCmd                       0x080033ad   Thumb Code    24  stm32f10x_usart.o(.text)
    USART_SmartCardNACKCmd                   0x080033c5   Thumb Code    24  stm32f10x_usart.o(.text)
    USART_HalfDuplexCmd                      0x080033dd   Thumb Code    24  stm32f10x_usart.o(.text)
    USART_OverSampling8Cmd                   0x080033f5   Thumb Code    22  stm32f10x_usart.o(.text)
    USART_OneBitMethodCmd                    0x0800340b   Thumb Code    24  stm32f10x_usart.o(.text)
    USART_IrDAConfig                         0x08003423   Thumb Code    18  stm32f10x_usart.o(.text)
    USART_IrDACmd                            0x08003435   Thumb Code    24  stm32f10x_usart.o(.text)
    USART_GetFlagStatus                      0x0800344d   Thumb Code    26  stm32f10x_usart.o(.text)
    USART_ClearFlag                          0x08003467   Thumb Code    18  stm32f10x_usart.o(.text)
    USART_GetITStatus                        0x08003479   Thumb Code    84  stm32f10x_usart.o(.text)
    USART_ClearITPendingBit                  0x080034cd   Thumb Code    52  stm32f10x_usart.o(.text)
    FLASH_SetLatency                         0x08003501   Thumb Code    18  stm32f10x_flash.o(.text)
    FLASH_HalfCycleAccessCmd                 0x08003513   Thumb Code    22  stm32f10x_flash.o(.text)
    FLASH_PrefetchBufferCmd                  0x08003529   Thumb Code    22  stm32f10x_flash.o(.text)
    FLASH_Unlock                             0x0800353f   Thumb Code    12  stm32f10x_flash.o(.text)
    FLASH_UnlockBank1                        0x0800354b   Thumb Code    12  stm32f10x_flash.o(.text)
    FLASH_Lock                               0x08003557   Thumb Code    14  stm32f10x_flash.o(.text)
    FLASH_LockBank1                          0x08003565   Thumb Code    14  stm32f10x_flash.o(.text)
    FLASH_GetBank1Status                     0x08003573   Thumb Code    48  stm32f10x_flash.o(.text)
    FLASH_WaitForLastOperation               0x080035a3   Thumb Code    38  stm32f10x_flash.o(.text)
    FLASH_ErasePage                          0x080035c9   Thumb Code    72  stm32f10x_flash.o(.text)
    FLASH_EraseAllPages                      0x08003611   Thumb Code    68  stm32f10x_flash.o(.text)
    FLASH_WaitForLastBank1Operation          0x08003655   Thumb Code    38  stm32f10x_flash.o(.text)
    FLASH_EraseAllBank1Pages                 0x0800367b   Thumb Code    68  stm32f10x_flash.o(.text)
    FLASH_GetReadOutProtectionStatus         0x080036bf   Thumb Code    20  stm32f10x_flash.o(.text)
    FLASH_EraseOptionBytes                   0x080036d3   Thumb Code   150  stm32f10x_flash.o(.text)
    FLASH_ProgramWord                        0x08003769   Thumb Code   102  stm32f10x_flash.o(.text)
    FLASH_ProgramHalfWord                    0x080037cf   Thumb Code    60  stm32f10x_flash.o(.text)
    FLASH_ProgramOptionByteData              0x0800380b   Thumb Code    72  stm32f10x_flash.o(.text)
    FLASH_EnableWriteProtection              0x08003853   Thumb Code   200  stm32f10x_flash.o(.text)
    FLASH_ReadOutProtection                  0x0800391b   Thumb Code   156  stm32f10x_flash.o(.text)
    FLASH_UserOptionByteConfig               0x080039b7   Thumb Code    88  stm32f10x_flash.o(.text)
    FLASH_GetUserOptionByte                  0x08003a0f   Thumb Code     8  stm32f10x_flash.o(.text)
    FLASH_GetWriteProtectionOptionByte       0x08003a17   Thumb Code     6  stm32f10x_flash.o(.text)
    FLASH_GetPrefetchBufferStatus            0x08003a1d   Thumb Code    20  stm32f10x_flash.o(.text)
    FLASH_ITConfig                           0x08003a31   Thumb Code    26  stm32f10x_flash.o(.text)
    FLASH_GetFlagStatus                      0x08003a4b   Thumb Code    42  stm32f10x_flash.o(.text)
    FLASH_ClearFlag                          0x08003a75   Thumb Code     6  stm32f10x_flash.o(.text)
    FLASH_GetStatus                          0x08003a7b   Thumb Code    48  stm32f10x_flash.o(.text)
    Sys_NVICConfiguration                    0x08003abd   Thumb Code    12  system.o(.text)
    Sys_TimeBaseInit                         0x08003ac9   Thumb Code    90  system.o(.text)
    System_Init                              0x08003b23   Thumb Code    32  system.o(.text)
    SysTick_Handler                          0x08003b43   Thumb Code    84  system.o(.text)
    RCC_Configuration                        0x08003bbd   Thumb Code   164  main.o(.text)
    main                                     0x08003c61   Thumb Code    34  main.o(.text)
    TestMagn                                 0x08003c83   Thumb Code     2  main.o(.text)
    NMI_Handler                              0x08003c91   Thumb Code     2  stm32f10x_it.o(.text)
    HardFault_Handler                        0x08003c93   Thumb Code     4  stm32f10x_it.o(.text)
    MemManage_Handler                        0x08003c97   Thumb Code     4  stm32f10x_it.o(.text)
    BusFault_Handler                         0x08003c9b   Thumb Code     4  stm32f10x_it.o(.text)
    UsageFault_Handler                       0x08003c9f   Thumb Code     4  stm32f10x_it.o(.text)
    SVC_Handler                              0x08003ca3   Thumb Code     2  stm32f10x_it.o(.text)
    DebugMon_Handler                         0x08003ca5   Thumb Code     2  stm32f10x_it.o(.text)
    PendSV_Handler                           0x08003ca7   Thumb Code     2  stm32f10x_it.o(.text)
    USB_LP_CAN1_RX0_IRQHandler               0x08003ca9   Thumb Code     2  stm32f10x_it.o(.text)
    TIM3_IRQHandler                          0x08003cab   Thumb Code    34  stm32f10x_it.o(.text)
    USART1_IRQHandler                        0x08003ccd   Thumb Code    46  stm32f10x_it.o(.text)
    SystemInit                               0x08003de3   Thumb Code    78  system_stm32f10x.o(.text)
    SystemCoreClockUpdate                    0x08003e31   Thumb Code   142  system_stm32f10x.o(.text)
    __aeabi_fadd                             0x08003ee5   Thumb Code   164  fadd.o(.text)
    __aeabi_fsub                             0x08003f89   Thumb Code     6  fadd.o(.text)
    __aeabi_frsub                            0x08003f8f   Thumb Code     6  fadd.o(.text)
    __aeabi_fmul                             0x08003f95   Thumb Code   100  fmul.o(.text)
    __aeabi_dadd                             0x08003ff9   Thumb Code   322  dadd.o(.text)
    __aeabi_dsub                             0x0800413b   Thumb Code     6  dadd.o(.text)
    __aeabi_drsub                            0x08004141   Thumb Code     6  dadd.o(.text)
    __aeabi_dmul                             0x08004147   Thumb Code   228  dmul.o(.text)
    __aeabi_ddiv                             0x0800422b   Thumb Code   222  ddiv.o(.text)
    __aeabi_i2f                              0x08004309   Thumb Code    18  fflti.o(.text)
    __aeabi_i2d                              0x0800431b   Thumb Code    34  dflti.o(.text)
    __aeabi_f2uiz                            0x0800433d   Thumb Code    40  ffixui.o(.text)
    __aeabi_f2d                              0x08004365   Thumb Code    38  f2d.o(.text)
    __aeabi_d2f                              0x0800438b   Thumb Code    56  d2f.o(.text)
    __aeabi_cfcmpeq                          0x080043c5   Thumb Code     0  cfcmple.o(.text)
    __aeabi_cfcmple                          0x080043c5   Thumb Code    20  cfcmple.o(.text)
    __aeabi_llsl                             0x080043d9   Thumb Code    30  llshl.o(.text)
    _ll_shift_l                              0x080043d9   Thumb Code     0  llshl.o(.text)
    __aeabi_lasr                             0x080043f7   Thumb Code    36  llsshr.o(.text)
    _ll_sshift_r                             0x080043f7   Thumb Code     0  llsshr.o(.text)
    __I$use$fp                               0x0800441b   Thumb Code     0  iusefp.o(.text)
    _float_round                             0x0800441b   Thumb Code    18  fepilogue.o(.text)
    _float_epilogue                          0x0800442d   Thumb Code    92  fepilogue.o(.text)
    _double_round                            0x08004489   Thumb Code    30  depilogue.o(.text)
    _double_epilogue                         0x080044a7   Thumb Code   156  depilogue.o(.text)
    __ARM_scalbn                             0x08004543   Thumb Code    46  dscalb.o(.text)
    scalbn                                   0x08004543   Thumb Code     0  dscalb.o(.text)
    _dsqrt                                   0x08004571   Thumb Code   162  dsqrt.o(.text)
    __scatterload                            0x08004615   Thumb Code    28  init.o(.text)
    __scatterload_rt2                        0x08004615   Thumb Code     0  init.o(.text)
    __aeabi_llsr                             0x08004639   Thumb Code    32  llushr.o(.text)
    _ll_ushift_r                             0x08004639   Thumb Code     0  llushr.o(.text)
    __0printf$bare                           0x08004659   Thumb Code     8  printfb.o(i.__0printf$bare)
    __1printf$bare                           0x08004659   Thumb Code     0  printfb.o(i.__0printf$bare)
    __2printf                                0x08004659   Thumb Code     0  printfb.o(i.__0printf$bare)
    __ARM_fpclassify                         0x08004669   Thumb Code    40  fpclassify.o(i.__ARM_fpclassify)
    __kernel_poly                            0x08004691   Thumb Code   170  poly.o(i.__kernel_poly)
    __mathlib_dbl_infnan                     0x0800473b   Thumb Code     6  dunder.o(i.__mathlib_dbl_infnan)
    __mathlib_dbl_infnan2                    0x08004741   Thumb Code     4  dunder.o(i.__mathlib_dbl_infnan2)
    __mathlib_dbl_invalid                    0x08004745   Thumb Code    12  dunder.o(i.__mathlib_dbl_invalid)
    __mathlib_dbl_underflow                  0x08004751   Thumb Code    10  dunder.o(i.__mathlib_dbl_underflow)
    __scatterload_copy                       0x08004761   Thumb Code    14  handlers.o(i.__scatterload_copy)
    __scatterload_null                       0x0800476f   Thumb Code     2  handlers.o(i.__scatterload_null)
    __scatterload_zeroinit                   0x08004771   Thumb Code    14  handlers.o(i.__scatterload_zeroinit)
    __set_errno                              0x08004781   Thumb Code     6  errno.o(i.__set_errno)
    asin                                     0x080047b1   Thumb Code   572  asin.o(i.asin)
    atan                                     0x08004a21   Thumb Code   474  atan.o(i.atan)
    atan2                                    0x08004c41   Thumb Code   346  atan2.o(i.atan2)
    sqrt                                     0x08004dc1   Thumb Code    76  sqrt.o(i.sqrt)
    __mathlib_zero                           0x08004ef8   Data           8  qnan.o(.constdata)
    Region$$Table$$Base                      0x08004f00   Number         0  anon$$obj.o(Region$$Table)
    Region$$Table$$Limit                     0x08004f20   Number         0  anon$$obj.o(Region$$Table)
    accel                                    0x20000000   Data           6  imu.o(.data)
    gyro                                     0x20000006   Data           6  imu.o(.data)
    magn                                     0x2000000c   Data           6  imu.o(.data)
    q0                                       0x20000014   Data           4  imu.o(.data)
    q1                                       0x20000018   Data           4  imu.o(.data)
    q2                                       0x2000001c   Data           4  imu.o(.data)
    q3                                       0x20000020   Data           4  imu.o(.data)
    gstMagOffset                             0x20000024   Data           6  imu.o(.data)
    gstGyroOffset                            0x2000002a   Data           6  icm20948.o(.data)
    CRCIndex                                 0x20000032   Data           1  modbus.o(.data)
    CRCHigh                                  0x20000033   Data           1  modbus.o(.data)
    CRCLow                                   0x20000034   Data           1  modbus.o(.data)
    ModbusRegister                           0x20000035   Data           7  modbus.o(.data)
    RxBufferSize                             0x2000003c   Data           1  modbus.o(.data)
    TxBufferSize                             0x2000003d   Data           1  modbus.o(.data)
    RxBuffer                                 0x2000003e   Data           8  modbus.o(.data)
    RxBufferIndex                            0x20000046   Data           1  modbus.o(.data)
    IsRxDataReady                            0x20000047   Data           1  modbus.o(.data)
    TxBufferIndex                            0x20000048   Data           1  modbus.o(.data)
    UART_UpdataFlag                          0x2000005d   Data           1  system.o(.data)
    IMU_SampleFlag                           0x2000005e   Data           1  system.o(.data)
    Press_SampleFlag                         0x2000005f   Data           1  system.o(.data)
    SystemCoreClock                          0x20000064   Data           4  system_stm32f10x.o(.data)
    AHBPrescTable                            0x20000068   Data          16  system_stm32f10x.o(.data)
    __stdout                                 0x20000078   Data           4  stdout.o(.data)
    angles                                   0x20000080   Data          12  imu.o(.bss)
    TxBuffer                                 0x2000012e   Data          20  modbus.o(.bss)
    __initial_sp                             0x20000548   Data           0  startup_stm32f10x_hd.o(STACK)



==============================================================================

Memory Map of the image

  Image Entry point : 0x08000131

  Load Region LR_IROM1 (Base: 0x08000000, Size: 0x00004fa0, Max: 0x00020000, ABSOLUTE)

    Execution Region ER_IROM1 (Exec base: 0x08000000, Load base: 0x08000000, Size: 0x00004f20, Max: 0x00020000, ABSOLUTE)

    Exec Addr    Load Addr    Size         Type   Attr      Idx    E Section Name        Object

    0x08000000   0x08000000   0x00000130   Data   RO           19    RESET               startup_stm32f10x_hd.o
    0x08000130   0x08000130   0x00000000   Code   RO          422  * .ARM.Collect$$$$00000000  mc_w.l(entry.o)
    0x08000130   0x08000130   0x00000004   Code   RO          736    .ARM.Collect$$$$00000001  mc_w.l(entry2.o)
    0x08000134   0x08000134   0x00000004   Code   RO          739    .ARM.Collect$$$$00000004  mc_w.l(entry5.o)
    0x08000138   0x08000138   0x00000000   Code   RO          741    .ARM.Collect$$$$00000008  mc_w.l(entry7b.o)
    0x08000138   0x08000138   0x00000000   Code   RO          743    .ARM.Collect$$$$0000000A  mc_w.l(entry8b.o)
    0x08000138   0x08000138   0x00000008   Code   RO          744    .ARM.Collect$$$$0000000B  mc_w.l(entry9a.o)
    0x08000140   0x08000140   0x00000000   Code   RO          746    .ARM.Collect$$$$0000000D  mc_w.l(entry10a.o)
    0x08000140   0x08000140   0x00000000   Code   RO          748    .ARM.Collect$$$$0000000F  mc_w.l(entry11a.o)
    0x08000140   0x08000140   0x00000004   Code   RO          737    .ARM.Collect$$$$00002712  mc_w.l(entry2.o)
    0x08000144   0x08000144   0x00000024   Code   RO           20    .text               startup_stm32f10x_hd.o
    0x08000168   0x08000168   0x0000035c   Code   RO           24    .text               stm32f10x_gpio.o
    0x080004c4   0x080004c4   0x000000e4   Code   RO          119    .text               usart.o
    0x080005a8   0x080005a8   0x000004aa   Code   RO          154    .text               i2c.o
    0x08000a52   0x08000a52   0x00000002   PAD
    0x08000a54   0x08000a54   0x00000c40   Code   RO          169    .text               imu.o
    0x08001694   0x08001694   0x00000590   Code   RO          195    .text               icm20948.o
    0x08001c24   0x08001c24   0x00000238   Code   RO          219    .text               modbus.o
    0x08001e5c   0x08001e5c   0x000000dc   Code   RO          239    .text               misc.o
    0x08001f38   0x08001f38   0x000003a4   Code   RO          263    .text               stm32f10x_rcc.o
    0x080022dc   0x080022dc   0x00000e1a   Code   RO          277    .text               stm32f10x_tim.o
    0x080030f6   0x080030f6   0x00000002   PAD
    0x080030f8   0x080030f8   0x00000408   Code   RO          289    .text               stm32f10x_usart.o
    0x08003500   0x08003500   0x000005bc   Code   RO          313    .text               stm32f10x_flash.o
    0x08003abc   0x08003abc   0x00000100   Code   RO          325    .text               system.o
    0x08003bbc   0x08003bbc   0x000000d4   Code   RO          347    .text               main.o
    0x08003c90   0x08003c90   0x00000074   Code   RO          363    .text               stm32f10x_it.o
    0x08003d04   0x08003d04   0x000001e0   Code   RO          378    .text               system_stm32f10x.o
    0x08003ee4   0x08003ee4   0x000000b0   Code   RO          685    .text               mf_w.l(fadd.o)
    0x08003f94   0x08003f94   0x00000064   Code   RO          687    .text               mf_w.l(fmul.o)
    0x08003ff8   0x08003ff8   0x0000014e   Code   RO          689    .text               mf_w.l(dadd.o)
    0x08004146   0x08004146   0x000000e4   Code   RO          691    .text               mf_w.l(dmul.o)
    0x0800422a   0x0800422a   0x000000de   Code   RO          693    .text               mf_w.l(ddiv.o)
    0x08004308   0x08004308   0x00000012   Code   RO          695    .text               mf_w.l(fflti.o)
    0x0800431a   0x0800431a   0x00000022   Code   RO          697    .text               mf_w.l(dflti.o)
    0x0800433c   0x0800433c   0x00000028   Code   RO          699    .text               mf_w.l(ffixui.o)
    0x08004364   0x08004364   0x00000026   Code   RO          701    .text               mf_w.l(f2d.o)
    0x0800438a   0x0800438a   0x00000038   Code   RO          703    .text               mf_w.l(d2f.o)
    0x080043c2   0x080043c2   0x00000002   PAD
    0x080043c4   0x080043c4   0x00000014   Code   RO          705    .text               mf_w.l(cfcmple.o)
    0x080043d8   0x080043d8   0x0000001e   Code   RO          755    .text               mc_w.l(llshl.o)
    0x080043f6   0x080043f6   0x00000024   Code   RO          757    .text               mc_w.l(llsshr.o)
    0x0800441a   0x0800441a   0x00000000   Code   RO          766    .text               mc_w.l(iusefp.o)
    0x0800441a   0x0800441a   0x0000006e   Code   RO          767    .text               mf_w.l(fepilogue.o)
    0x08004488   0x08004488   0x000000ba   Code   RO          769    .text               mf_w.l(depilogue.o)
    0x08004542   0x08004542   0x0000002e   Code   RO          771    .text               mf_w.l(dscalb.o)
    0x08004570   0x08004570   0x000000a2   Code   RO          773    .text               mf_w.l(dsqrt.o)
    0x08004612   0x08004612   0x00000002   PAD
    0x08004614   0x08004614   0x00000024   Code   RO          781    .text               mc_w.l(init.o)
    0x08004638   0x08004638   0x00000020   Code   RO          783    .text               mc_w.l(llushr.o)
    0x08004658   0x08004658   0x00000010   Code   RO          426    i.__0printf$bare    mc_w.l(printfb.o)
    0x08004668   0x08004668   0x00000028   Code   RO          731    i.__ARM_fpclassify  m_ws.l(fpclassify.o)
    0x08004690   0x08004690   0x000000aa   Code   RO          733    i.__kernel_poly     m_ws.l(poly.o)
    0x0800473a   0x0800473a   0x00000006   Code   RO          718    i.__mathlib_dbl_infnan  m_ws.l(dunder.o)
    0x08004740   0x08004740   0x00000004   Code   RO          719    i.__mathlib_dbl_infnan2  m_ws.l(dunder.o)
    0x08004744   0x08004744   0x0000000c   Code   RO          720    i.__mathlib_dbl_invalid  m_ws.l(dunder.o)
    0x08004750   0x08004750   0x00000010   Code   RO          723    i.__mathlib_dbl_underflow  m_ws.l(dunder.o)
    0x08004760   0x08004760   0x0000000e   Code   RO          787    i.__scatterload_copy  mc_w.l(handlers.o)
    0x0800476e   0x0800476e   0x00000002   Code   RO          788    i.__scatterload_null  mc_w.l(handlers.o)
    0x08004770   0x08004770   0x0000000e   Code   RO          789    i.__scatterload_zeroinit  mc_w.l(handlers.o)
    0x0800477e   0x0800477e   0x00000002   PAD
    0x08004780   0x08004780   0x0000000c   Code   RO          761    i.__set_errno       mc_w.l(errno.o)
    0x0800478c   0x0800478c   0x00000022   Code   RO          433    i._printf_core      mc_w.l(printfb.o)
    0x080047ae   0x080047ae   0x00000002   PAD
    0x080047b0   0x080047b0   0x00000270   Code   RO          397    i.asin              m_ws.l(asin.o)
    0x08004a20   0x08004a20   0x00000220   Code   RO          708    i.atan              m_ws.l(atan.o)
    0x08004c40   0x08004c40   0x00000180   Code   RO          407    i.atan2             m_ws.l(atan2.o)
    0x08004dc0   0x08004dc0   0x0000004c   Code   RO          415    i.sqrt              m_ws.l(sqrt.o)
    0x08004e0c   0x08004e0c   0x00000004   PAD
    0x08004e10   0x08004e10   0x00000050   Data   RO          398    .constdata          m_ws.l(asin.o)
    0x08004e60   0x08004e60   0x00000098   Data   RO          709    .constdata          m_ws.l(atan.o)
    0x08004ef8   0x08004ef8   0x00000008   Data   RO          735    .constdata          m_ws.l(qnan.o)
    0x08004f00   0x08004f00   0x00000020   Data   RO          785    Region$$Table       anon$$obj.o


    Execution Region RW_IRAM1 (Exec base: 0x20000000, Load base: 0x08004f20, Size: 0x00000548, Max: 0x00005000, ABSOLUTE)

    Exec Addr    Load Addr    Size         Type   Attr      Idx    E Section Name        Object

    0x20000000   0x08004f20   0x0000002a   Data   RW          171    .data               imu.o
    0x2000002a   0x08004f4a   0x00000008   Data   RW          197    .data               icm20948.o
    0x20000032   0x08004f52   0x00000017   Data   RW          221    .data               modbus.o
    0x20000049   0x08004f69   0x00000014   Data   RW          264    .data               stm32f10x_rcc.o
    0x2000005d   0x08004f7d   0x00000006   Data   RW          326    .data               system.o
    0x20000063   0x08004f83   0x00000001   PAD
    0x20000064   0x08004f84   0x00000014   Data   RW          379    .data               system_stm32f10x.o
    0x20000078   0x08004f98   0x00000004   Data   RW          750    .data               mc_w.l(stdout.o)
    0x2000007c   0x08004f9c   0x00000004   Data   RW          762    .data               mc_w.l(errno.o)
    0x20000080        -       0x0000000c   Zero   RW          170    .bss                imu.o
    0x2000008c        -       0x000000a2   Zero   RW          196    .bss                icm20948.o
    0x2000012e        -       0x00000014   Zero   RW          220    .bss                modbus.o
    0x20000142   0x08004fa0   0x00000006   PAD
    0x20000148        -       0x00000400   Zero   RW           17    STACK               startup_stm32f10x_hd.o


==============================================================================

Image component sizes


      Code (inc. data)   RO Data    RW Data    ZI Data      Debug   Object Name

         0          0          0          0          0       4564   core_cm3.o
      1194          6          0          0          0       5164   i2c.o
      1424         42          0          8        162       4585   icm20948.o
      3136        122          0         42         12       6610   imu.o
       212         12          0          0          0        858   main.o
       220         22          0          0          0       1817   misc.o
       568         54          0         23         20       2616   modbus.o
        36          8        304          0       1024        800   startup_stm32f10x_hd.o
      1468         34          0          0          0       8222   stm32f10x_flash.o
       860         38          0          0          0     259045   stm32f10x_gpio.o
       116         10          0          0          0       1543   stm32f10x_it.o
       932         36          0         20          0       8908   stm32f10x_rcc.o
      3610         88          0          0          0      22856   stm32f10x_tim.o
      1032         22          0          0          0       8476   stm32f10x_usart.o
       256         38          0          6          0      16594   system.o
       480         38          0         20          0       1719   system_stm32f10x.o
       228          8          0          0          0       2360   usart.o

    ----------------------------------------------------------------------
     15776        578        336        120       1224     356737   Object Totals
         0          0         32          0          0          0   (incl. Generated)
         4          0          0          1          6          0   (incl. Padding)

    ----------------------------------------------------------------------

      Code (inc. data)   RO Data    RW Data    ZI Data      Debug   Library Member Name

       624         52         80          0          0        168   asin.o
       544         70        152          0          0        124   atan.o
       384         38          0          0          0        144   atan2.o
        38          6          0          0          0        272   dunder.o
        40          0          0          0          0         68   fpclassify.o
       170          0          0          0          0         96   poly.o
         0          0          8          0          0          0   qnan.o
        76          0          0          0          0         84   sqrt.o
         0          0          0          0          0          0   entry.o
         0          0          0          0          0          0   entry10a.o
         0          0          0          0          0          0   entry11a.o
         8          4          0          0          0          0   entry2.o
         4          0          0          0          0          0   entry5.o
         0          0          0          0          0          0   entry7b.o
         0          0          0          0          0          0   entry8b.o
         8          4          0          0          0          0   entry9a.o
        12          6          0          4          0         68   errno.o
        30          0          0          0          0          0   handlers.o
        36          8          0          0          0         68   init.o
         0          0          0          0          0          0   iusefp.o
        30          0          0          0          0         68   llshl.o
        36          0          0          0          0         68   llsshr.o
        32          0          0          0          0         68   llushr.o
        50          8          0          0          0        152   printfb.o
         0          0          0          4          0          0   stdout.o
        20          0          0          0          0         68   cfcmple.o
        56          0          0          0          0         88   d2f.o
       334          0          0          0          0        148   dadd.o
       222          0          0          0          0        100   ddiv.o
       186          0          0          0          0        176   depilogue.o
        34          0          0          0          0         76   dflti.o
       228          0          0          0          0         96   dmul.o
        46          0          0          0          0         80   dscalb.o
       162          0          0          0          0        100   dsqrt.o
        38          0          0          0          0         68   f2d.o
       176          0          0          0          0        140   fadd.o
       110          0          0          0          0        168   fepilogue.o
        40          0          0          0          0         68   ffixui.o
        18          0          0          0          0         68   fflti.o
       100          0          0          0          0         76   fmul.o

    ----------------------------------------------------------------------
      3904        196        240          8          0       2968   Library Totals
        12          0          0          0          0          0   (incl. Padding)

    ----------------------------------------------------------------------

      Code (inc. data)   RO Data    RW Data    ZI Data      Debug   Library Name

      1876        166        240          0          0        956   m_ws.l
       246         30          0          8          0        492   mc_w.l
      1770          0          0          0          0       1520   mf_w.l

    ----------------------------------------------------------------------
      3904        196        240          8          0       2968   Library Totals

    ----------------------------------------------------------------------

==============================================================================


      Code (inc. data)   RO Data    RW Data    ZI Data      Debug   

     19680        774        576        128       1224     356945   Grand Totals
     19680        774        576        128       1224     356945   ELF Image Totals
     19680        774        576        128          0          0   ROM Totals

==============================================================================

    Total RO  Size (Code + RO Data)                20256 (  19.78kB)
    Total RW  Size (RW Data + ZI Data)              1352 (   1.32kB)
    Total ROM Size (Code + RO Data + RW Data)      20384 (  19.91kB)

==============================================================================

